{
  "results": [
    {
      "crash": {
        "engineVariant": {
          "os": "android",
          "arch": "arm",
          "mode": "debug"
        },
        "frames": [
          {
            "no": "00",
            "pc": 17297846,
            "binary": "/data/app/com.example.app-/lib/arm/libflutter.so",
            "rest": " (offset 0x102f000)",
            "buildId": null,
            "runtimeType": "android"
          },
          {
            "no": "01",
            "pc": 17298107,
            "binary": "/data/app/com.example.app-/lib/arm/libflutter.so",
            "rest": " (offset 0x102f000)",
            "buildId": null,
            "runtimeType": "android"
          },
          {
            "no": "02",
            "pc": 17631101,
            "binary": "/data/app/com.example.app-/lib/arm/libflutter.so",
            "rest": " (offset 0x102f000)",
            "buildId": null,
            "runtimeType": "android"
          },
          {
            "no": "03",
            "pc": 17076307,
            "binary": "/data/app/com.example.app-/lib/arm/libflutter.so",
            "rest": " (offset 0x102f000)",
            "buildId": null,
            "runtimeType": "android"
          },
          {
            "no": "04",
            "pc": 17079529,
            "binary": "/data/app/com.example.app-/lib/arm/libflutter.so",
            "rest": " (offset 0x102f000)",
            "buildId": null,
            "runtimeType": "android"
          },
          {
            "no": "05",
            "pc": 17030137,
            "binary": "/data/app/com.example.app-/lib/arm/libflutter.so",
            "rest": " (offset 0x102f000)",
            "buildId": null,
            "runtimeType": "android"
          },
          {
            "no": "06",
            "pc": 17031107,
            "binary": "/data/app/com.example.app-/lib/arm/libflutter.so",
            "rest": " (offset 0x102f000)",
            "buildId": null,
            "runtimeType": "android"
          },
          {
            "no": "07",
            "pc": 292103,
            "binary": "/system/lib/libc.so",
            "rest": " (__pthread_start(void*)+22)",
            "buildId": null,
            "runtimeType": "android"
          },
          {
            "no": "08",
            "pc": 110453,
            "binary": "/system/lib/libc.so",
            "rest": " (__start_thread+32)",
            "buildId": null,
            "runtimeType": "android"
          }
        ],
        "format": "native",
        "androidMajorVersion": 8
      },
      "engineBuild": {
        "engineHash": "5babba6c4d25fa237bbf755ab85c9a0c50b3c6ec",
        "variant": {
          "os": "android",
          "arch": "arm",
          "mode": "debug"
        }
      },
      "symbolized": "#00 0107f1b6 <...>/lib/arm/libflutter.so (offset 0x102f000)\n                                         neon::HLGish_k(skcms_TransferFunction const*, unsigned int, unsigned int, unsigned int, float vector[4]&, float vector[4]&, float vector[4]&, float vector[4]&, float vector[4]&, float vector[4]&, float vector[4]&, float vector[4]&)::'lambda'(float vector[4])::operator()(float vector[4]) const\n                                         third_party/skia/src/opts/SkRasterPipeline_opts.h:0:9\n#01 0107f2bb <...>/lib/arm/libflutter.so (offset 0x102f000)\n                                         neon::approx_pow2(float vector[4])\n                                         third_party/skia/src/opts/SkRasterPipeline_opts.h:967:52\n                                         neon::approx_powf(float vector[4], float vector[4])\n                                         third_party/skia/src/opts/SkRasterPipeline_opts.h:977:44\n                                         neon::HLGinvish_k(skcms_TransferFunction const*, unsigned int, unsigned int, unsigned int, float vector[4]&, float vector[4]&, float vector[4]&, float vector[4]&, float vector[4]&, float vector[4]&, float vector[4]&, float vector[4]&)::'lambda'(float vector[4])::operator()(float vector[4]) const\n                                         third_party/skia/src/opts/SkRasterPipeline_opts.h:1900:40\n#02 010d077d <...>/lib/arm/libflutter.so (offset 0x102f000)\n                                         SkDashImpl::flatten(SkWriteBuffer&) const\n                                         third_party/skia/src/effects/SkDashPathEffect.cpp:372:12\n#03 01049053 <...>/lib/arm/libflutter.so (offset 0x102f000)\n                                         SkBitmap::allocPixels(SkBitmap::Allocator*)\n                                         third_party/skia/src/core/SkBitmap.cpp:233:9\n#04 01049ce9 <...>/lib/arm/libflutter.so (offset 0x102f000)\n                                         SkBitmapController::State::State(SkImage_Base const*, SkMatrix const&, SkFilterQuality)\n                                         third_party/skia/src/core/SkBitmapController.cpp:109:22\n#05 0103dbf9 <...>/lib/arm/libflutter.so (offset 0x102f000)\n                                         flutter::Shell::NotifyLowMemoryWarning() const::$_12::$_12($_12&&)\n                                         flutter/shell/common/shell.cc:449:7\n                                         std::__1::__compressed_pair_elem<flutter::Shell::NotifyLowMemoryWarning() const::$_12, 0, false>::__compressed_pair_elem<flutter::Shell::NotifyLowMemoryWarning() const::$_12&&, 0u>(std::__1::piecewise_construct_t, std::__1::tuple<flutter::Shell::NotifyLowMemoryWarning() const::$_12&&>, std::__1::__tuple_indices<0u>)\n                                         third_party/libcxx/include/memory:2155:9\n                                         std::__1::__compressed_pair<flutter::Shell::NotifyLowMemoryWarning() const::$_12, std::__1::allocator<flutter::Shell::NotifyLowMemoryWarning() const::$_12> >::__compressed_pair<flutter::Shell::NotifyLowMemoryWarning() const::$_12&&, std::__1::allocator<flutter::Shell::NotifyLowMemoryWarning() const::$_12>&&>(std::__1::piecewise_construct_t, std::__1::tuple<flutter::Shell::NotifyLowMemoryWarning() const::$_12&&>, std::__1::tuple<std::__1::allocator<flutter::Shell::NotifyLowMemoryWarning() const::$_12>&&>)\n                                         third_party/libcxx/include/memory:2256:9\n                                         std::__1::__function::__alloc_func<flutter::Shell::NotifyLowMemoryWarning() const::$_12, std::__1::allocator<flutter::Shell::NotifyLowMemoryWarning() const::$_12>, void ()>::__alloc_func(flutter::Shell::NotifyLowMemoryWarning() const::$_12&&, std::__1::allocator<flutter::Shell::NotifyLowMemoryWarning() const::$_12>&&)\n                                         third_party/libcxx/include/functional:1524:11\n                                         std::__1::__function::__func<flutter::Shell::NotifyLowMemoryWarning() const::$_12, std::__1::allocator<flutter::Shell::NotifyLowMemoryWarning() const::$_12>, void ()>::__func(flutter::Shell::NotifyLowMemoryWarning() const::$_12&&, std::__1::allocator<flutter::Shell::NotifyLowMemoryWarning() const::$_12>&&)\n                                         third_party/libcxx/include/functional:1652:11\n                                         std::__1::__function::__value_func<void ()>::__value_func<flutter::Shell::NotifyLowMemoryWarning() const::$_12, std::__1::allocator<flutter::Shell::NotifyLowMemoryWarning() const::$_12> >(flutter::Shell::NotifyLowMemoryWarning() const::$_12&&, std::__1::allocator<flutter::Shell::NotifyLowMemoryWarning() const::$_12> const&)\n                                         third_party/libcxx/include/functional:1773:45\n                                         std::__1::__function::__value_func<void ()>::__value_func<flutter::Shell::NotifyLowMemoryWarning() const::$_12, void>(flutter::Shell::NotifyLowMemoryWarning() const::$_12&&)\n                                         third_party/libcxx/include/functional:1782:11\n                                         std::__1::function<void ()>::function<flutter::Shell::NotifyLowMemoryWarning() const::$_12, void>(flutter::Shell::NotifyLowMemoryWarning() const::$_12)\n                                         third_party/libcxx/include/functional:2362:50\n                                         flutter::Shell::NotifyLowMemoryWarning() const\n                                         flutter/shell/common/shell.cc:449:7\n#06 0103dfc3 <...>/lib/arm/libflutter.so (offset 0x102f000)\n                                         flutter::Shell::OnPlatformViewCreated(std::__1::unique_ptr<flutter::Surface, std::__1::default_delete<flutter::Surface> >)\n                                         flutter/shell/common/shell.cc:712:3\n#07 00047507 /system/lib/libc.so (__pthread_start(void*)+22)\n#08 0001af75 /system/lib/libc.so (__start_thread+32)\n",
      "notes": [
        {
          "kind": "defaultedToReleaseBuildIdUnavailable",
          "message": null
        }
      ]
    }
  ],
  "runtimeType": "ok"
}