[
  {
    "crash": {
      "engineVariant": {
        "os": "ios",
        "arch": "arm64",
        "mode": "release"
      },
      "frames": [
        {
          "no": "0",
          "binary": "libsystem_kernel.dylib",
          "pc": 7686538260,
          "symbol": "0x1ca24c000",
          "offset": 164884,
          "location": "",
          "runtimeType": "ios"
        },
        {
          "no": "1",
          "binary": "libsystem_pthread.dylib",
          "pc": 8177494848,
          "symbol": "0x1e76a8000",
          "offset": 11072,
          "location": "",
          "runtimeType": "ios"
        },
        {
          "no": "2",
          "binary": "libsystem_c.dylib",
          "pc": 7079132020,
          "symbol": "0x1a5eb9000",
          "offset": 486260,
          "location": "",
          "runtimeType": "ios"
        },
        {
          "no": "3",
          "binary": "Flutter",
          "pc": 4348106320,
          "symbol": "0x103274000",
          "offset": 235088,
          "location": "",
          "runtimeType": "ios"
        },
        {
          "no": "4",
          "binary": "Flutter",
          "pc": 4352454916,
          "symbol": "0x103274000",
          "offset": 4583684,
          "location": "",
          "runtimeType": "ios"
        },
        {
          "no": "5",
          "binary": "Flutter",
          "pc": 4352452024,
          "symbol": "0x103274000",
          "offset": 4580792,
          "location": "",
          "runtimeType": "ios"
        },
        {
          "no": "6",
          "binary": "Flutter",
          "pc": 4352449372,
          "symbol": "0x103274000",
          "offset": 4578140,
          "location": "",
          "runtimeType": "ios"
        },
        {
          "no": "7",
          "binary": "Flutter",
          "pc": 4352494344,
          "symbol": "0x103274000",
          "offset": 4623112,
          "location": "",
          "runtimeType": "ios"
        },
        {
          "no": "8",
          "binary": "Flutter",
          "pc": 4351089816,
          "symbol": "0x103274000",
          "offset": 3218584,
          "location": "",
          "runtimeType": "ios"
        },
        {
          "no": "9",
          "binary": "Flutter",
          "pc": 4348113996,
          "symbol": "0x103274000",
          "offset": 242764,
          "location": "",
          "runtimeType": "ios"
        },
        {
          "no": "10",
          "binary": "Flutter",
          "pc": 4348122048,
          "symbol": "0x103274000",
          "offset": 250816,
          "location": "",
          "runtimeType": "ios"
        },
        {
          "no": "11",
          "binary": "CoreFoundation",
          "pc": 6923808672,
          "symbol": "0x19ca6d000",
          "offset": 663456,
          "location": "",
          "runtimeType": "ios"
        },
        {
          "no": "12",
          "binary": "CoreFoundation",
          "pc": 6923807648,
          "symbol": "0x19ca6d000",
          "offset": 662432,
          "location": "",
          "runtimeType": "ios"
        },
        {
          "no": "13",
          "binary": "CoreFoundation",
          "pc": 6923804668,
          "symbol": "0x19ca6d000",
          "offset": 659452,
          "location": "",
          "runtimeType": "ios"
        },
        {
          "no": "14",
          "binary": "CoreFoundation",
          "pc": 6923779812,
          "symbol": "0x19ca6d000",
          "offset": 634596,
          "location": "",
          "runtimeType": "ios"
        },
        {
          "no": "15",
          "binary": "CoreFoundation",
          "pc": 6923776540,
          "symbol": "0x19ca6d000",
          "offset": 631324,
          "location": "",
          "runtimeType": "ios"
        },
        {
          "no": "16",
          "binary": "Flutter",
          "pc": 4348121756,
          "symbol": "0x103274000",
          "offset": 250524,
          "location": "",
          "runtimeType": "ios"
        },
        {
          "no": "17",
          "binary": "Flutter",
          "pc": 4348120100,
          "symbol": "0x103274000",
          "offset": 248868,
          "location": "",
          "runtimeType": "ios"
        },
        {
          "no": "18",
          "binary": "libsystem_pthread.dylib",
          "pc": 8177490752,
          "symbol": "0x1e76a8000",
          "offset": 6976,
          "location": "",
          "runtimeType": "ios"
        },
        {
          "no": "19",
          "binary": "libsystem_pthread.dylib",
          "pc": 8177526632,
          "symbol": "0x1e76a8000",
          "offset": 42856,
          "location": "",
          "runtimeType": "ios"
        }
      ],
      "format": "native",
      "androidMajorVersion": null
    },
    "engineBuild": {
      "engineHash": "1d12d82d9cb54876f58044aa52198d53ec841c3d",
      "variant": {
        "os": "ios",
        "arch": "arm64",
        "mode": "release"
      }
    },
    "symbolized": "#00 00000001ca274414 libsystem_kernel.dylib 0x1ca24c000 + 164884\n#01 00000001e76aab40 libsystem_pthread.dylib 0x1e76a8000 + 11072\n#02 00000001a5f2fb74 libsystem_c.dylib 0x1a5eb9000 + 486260\n#03 00000001032ad650 Flutter 0x103274000 + 235088\n                             std::__1::basic_string_view<char, std::__1::char_traits<char> >::compare(std::__1::basic_string_view<char, std::__1::char_traits<char> >) const\n                             /opt/s/w/ir/cache/osx_sdk/XCode.app/Contents/Developer/Toolchains/XcodeDefault.xctoolchain/usr/include/c++/v1/string_view:353:0\n#04 00000001036d3104 Flutter 0x103274000 + 4583684\n                             bssl::tls1_configure_aead(ssl_st*, evp_aead_direction_t, bssl::Array<unsigned char>*, ssl_cipher_st const*, bssl::Span<unsigned char const>)\n                             third_party/boringssl/src/ssl/t1_enc.cc:204:27\n                             bssl::tls1_change_cipher_state(bssl::SSL_HANDSHAKE*, evp_aead_direction_t)\n                             third_party/boringssl/src/ssl/t1_enc.cc:247:0\n#05 00000001036d25b8 Flutter 0x103274000 + 4580792\n                             sk_pop_free_ex\n                             third_party/boringssl/src/crypto/stack/stack.c:144:13\n                             sk_X509_NAME_pop_free\n                             third_party/boringssl/src/include/openssl/x509.h:161:0\n                             bssl::ssl_crypto_x509_ssl_flush_cached_client_CA(bssl::SSL_CONFIG*)\n                             third_party/boringssl/src/ssl/ssl_x509.cc:433:0\n#06 00000001036d1b5c Flutter 0x103274000 + 4578140\n                             bssl::ssl_crypto_x509_cert_flush_cached_leaf(bssl::CERT*)\n                             third_party/boringssl/src/ssl/ssl_x509.cc:240:19\n                             bssl::ssl_crypto_x509_cert_clear(bssl::CERT*)\n                             third_party/boringssl/src/ssl/ssl_x509.cc:264:0\n#07 00000001036dcb08 Flutter 0x103274000 + 4623112\n                             bssl::SSLAEADContext::SSLAEADContext(unsigned short, bool, ssl_cipher_st const*)\n                             third_party/boringssl/src/ssl/ssl_aead_ctx.cc:39:7\n                             bssl::SSLAEADContext::SSLAEADContext(unsigned short, bool, ssl_cipher_st const*)\n                             third_party/boringssl/src/ssl/ssl_aead_ctx.cc:45:0\n                             bssl::SSLAEADContext* bssl::New<bssl::SSLAEADContext, unsigned short&, bool, ssl_cipher_st const*&>(unsigned short&, bool&&, ssl_cipher_st const*&)\n                             third_party/boringssl/src/ssl/internal.h:197:0\n                             std::__1::unique_ptr<bssl::SSLAEADContext, bssl::internal::Deleter<bssl::SSLAEADContext> > bssl::MakeUnique<bssl::SSLAEADContext, unsigned short&, bool, ssl_cipher_st const*&>(unsigned short&, bool&&, ssl_cipher_st const*&)\n                             third_party/boringssl/src/ssl/internal.h:224:0\n                             bssl::SSLAEADContext::CreatePlaceholderForQUIC(unsigned short, ssl_cipher_st const*)\n                             third_party/boringssl/src/ssl/ssl_aead_ctx.cc:151:0\n                             bssl::tls13_set_traffic_key(ssl_st*, ssl_encryption_level_t, evp_aead_direction_t, unsigned char const*, unsigned long)\n                             third_party/boringssl/src/ssl/tls13_enc.cc:183:0\n#08 0000000103585c98 Flutter 0x103274000 + 3218584\n                             std::__1::__atomic_base<int, true>::fetch_sub(int, std::__1::memory_order)\n                             /opt/s/w/ir/cache/osx_sdk/XCode.app/Contents/Developer/Toolchains/XcodeDefault.xctoolchain/usr/include/c++/v1/atomic:1023:17\n                             std::__1::__atomic_base<int, true>::operator--()\n                             /opt/s/w/ir/cache/osx_sdk/XCode.app/Contents/Developer/Toolchains/XcodeDefault.xctoolchain/usr/include/c++/v1/atomic:1058:0\n                             flutter::Pipeline<flutter::LayerTree>::Consume(std::__1::function<void (std::__1::unique_ptr<flutter::LayerTree, std::__1::default_delete<flutter::LayerTree> >)> const&)\n                             flutter/shell/common/pipeline.h:165:0\n                             flutter::Rasterizer::Draw(fml::RefPtr<flutter::Pipeline<flutter::LayerTree> >, std::__1::function<bool (flutter::LayerTree&)>)\n                             flutter/shell/common/rasterizer.cc:177:0\n#09 00000001032af44c Flutter 0x103274000 + 242764\n                             fml::OpenFile(char const*, bool, fml::FilePermission)\n                             flutter/fml/platform/posix/file_posix.cc:67:10\n                             fml::icu::ICUContext::SetupMapping(std::__1::basic_string<char, std::__1::char_traits<char>, std::__1::allocator<char> > const&)\n                             flutter/fml/icu_util.cc:36:0\n                             fml::icu::ICUContext::ICUContext(std::__1::basic_string<char, std::__1::char_traits<char>, std::__1::allocator<char> > const&)\n                             flutter/fml/icu_util.cc:23:0\n                             fml::icu::ICUContext::ICUContext(std::__1::basic_string<char, std::__1::char_traits<char>, std::__1::allocator<char> > const&)\n                             flutter/fml/icu_util.cc:22:0\n                             fml::icu::InitializeICUOnce(std::__1::basic_string<char, std::__1::char_traits<char>, std::__1::allocator<char> > const&)\n                             flutter/fml/icu_util.cc:97:0\n                             fml::icu::InitializeICU(std::__1::basic_string<char, std::__1::char_traits<char>, std::__1::allocator<char> > const&)::$_0::operator()() const\n                             flutter/fml/icu_util.cc:105:0\n                             decltype(std::__1::forward<fml::icu::InitializeICU(std::__1::basic_string<char, std::__1::char_traits<char>, std::__1::allocator<char> > const&)::$_0>(fp)()) std::__1::__invoke<fml::icu::InitializeICU(std::__1::basic_string<char, std::__1::char_traits<char>, std::__1::allocator<char> > const&)::$_0>(fml::icu::InitializeICU(std::__1::basic_string<char, std::__1::char_traits<char>, std::__1::allocator<char> > const&)::$_0&&)\n                             /opt/s/w/ir/cache/osx_sdk/XCode.app/Contents/Developer/Toolchains/XcodeDefault.xctoolchain/usr/include/c++/v1/type_traits:4361:0\n                             void std::__1::__call_once_param<std::__1::tuple<fml::icu::InitializeICU(std::__1::basic_string<char, std::__1::char_traits<char>, std::__1::allocator<char> > const&)::$_0&&> >::__execute<>(std::__1::__tuple_indices<>)\n                             /opt/s/w/ir/cache/osx_sdk/XCode.app/Contents/Developer/Toolchains/XcodeDefault.xctoolchain/usr/include/c++/v1/mutex:622:0\n                             std::__1::__call_once_param<std::__1::tuple<fml::icu::InitializeICU(std::__1::basic_string<char, std::__1::char_traits<char>, std::__1::allocator<char> > const&)::$_0&&> >::operator()()\n                             /opt/s/w/ir/cache/osx_sdk/XCode.app/Contents/Developer/Toolchains/XcodeDefault.xctoolchain/usr/include/c++/v1/mutex:614:0\n                             void std::__1::__call_once_proxy<std::__1::tuple<fml::icu::InitializeICU(std::__1::basic_string<char, std::__1::char_traits<char>, std::__1::allocator<char> > const&)::$_0&&> >(void*)\n                             /opt/s/w/ir/cache/osx_sdk/XCode.app/Contents/Developer/Toolchains/XcodeDefault.xctoolchain/usr/include/c++/v1/mutex:650:0\n#10 00000001032b13c0 Flutter 0x103274000 + 250816\n                             std::__1::enable_if<(is_move_constructible<fml::DelayedTask**>::value) && (is_move_assignable<fml::DelayedTask**>::value), void>::type std::__1::swap<fml::DelayedTask**>(fml::DelayedTask**&, fml::DelayedTask**&)\n                             /opt/s/w/ir/cache/osx_sdk/XCode.app/Contents/Developer/Toolchains/XcodeDefault.xctoolchain/usr/include/c++/v1/type_traits:4527:9\n                             std::__1::__split_buffer<fml::DelayedTask*, std::__1::allocator<fml::DelayedTask*>&>::push_front(fml::DelayedTask* const&)\n                             /opt/s/w/ir/cache/osx_sdk/XCode.app/Contents/Developer/Toolchains/XcodeDefault.xctoolchain/usr/include/c++/v1/__split_buffer:486:0\n                             std::__1::deque<fml::DelayedTask, std::__1::allocator<fml::DelayedTask> >::__add_back_capacity()\n                             /opt/s/w/ir/cache/osx_sdk/XCode.app/Contents/Developer/Toolchains/XcodeDefault.xctoolchain/usr/include/c++/v1/deque:2496:0\n                             std::__1::deque<fml::DelayedTask, std::__1::allocator<fml::DelayedTask> >::push_back(fml::DelayedTask&&)\n                             /opt/s/w/ir/cache/osx_sdk/XCode.app/Contents/Developer/Toolchains/XcodeDefault.xctoolchain/usr/include/c++/v1/deque:1854:0\n                             std::__1::priority_queue<fml::DelayedTask, std::__1::deque<fml::DelayedTask, std::__1::allocator<fml::DelayedTask> >, std::__1::greater<fml::DelayedTask> >::push(fml::DelayedTask&&)\n                             /opt/s/w/ir/cache/osx_sdk/XCode.app/Contents/Developer/Toolchains/XcodeDefault.xctoolchain/usr/include/c++/v1/queue:745:0\n                             fml::MessageLoopTaskQueues::RegisterTask(fml::TaskQueueId, std::__1::function<void ()> const&, fml::TimePoint)\n                             flutter/fml/message_loop_task_queues.cc:78:0\n                             fml::MessageLoopImpl::PostTask(std::__1::function<void ()> const&, fml::TimePoint)\n                             flutter/fml/message_loop_impl.cc:66:0\n#11 000000019cb0efa0 CoreFoundation 0x19ca6d000 + 663456\n#12 000000019cb0eba0 CoreFoundation 0x19ca6d000 + 662432\n#13 000000019cb0dffc CoreFoundation 0x19ca6d000 + 659452\n#14 000000019cb07ee4 CoreFoundation 0x19ca6d000 + 634596\n#15 000000019cb0721c CoreFoundation 0x19ca6d000 + 631324\n#16 00000001032b129c Flutter 0x103274000 + 250524\n                             std::__1::__split_buffer<fml::DelayedTask*, std::__1::allocator<fml::DelayedTask*>&>::__split_buffer(unsigned long, unsigned long, std::__1::allocator<fml::DelayedTask*>&)\n                             /opt/s/w/ir/cache/osx_sdk/XCode.app/Contents/Developer/Toolchains/XcodeDefault.xctoolchain/usr/include/c++/v1/__split_buffer:311:16\n                             std::__1::__split_buffer<fml::DelayedTask*, std::__1::allocator<fml::DelayedTask*>&>::__split_buffer(unsigned long, unsigned long, std::__1::allocator<fml::DelayedTask*>&)\n                             /opt/s/w/ir/cache/osx_sdk/XCode.app/Contents/Developer/Toolchains/XcodeDefault.xctoolchain/usr/include/c++/v1/__split_buffer:310:0\n                             std::__1::__split_buffer<fml::DelayedTask*, std::__1::allocator<fml::DelayedTask*>&>::push_back(fml::DelayedTask*&&)\n                             /opt/s/w/ir/cache/osx_sdk/XCode.app/Contents/Developer/Toolchains/XcodeDefault.xctoolchain/usr/include/c++/v1/__split_buffer:577:0\n                             std::__1::deque<fml::DelayedTask, std::__1::allocator<fml::DelayedTask> >::__add_back_capacity()\n                             /opt/s/w/ir/cache/osx_sdk/XCode.app/Contents/Developer/Toolchains/XcodeDefault.xctoolchain/usr/include/c++/v1/deque:2491:0\n                             std::__1::deque<fml::DelayedTask, std::__1::allocator<fml::DelayedTask> >::push_back(fml::DelayedTask&&)\n                             /opt/s/w/ir/cache/osx_sdk/XCode.app/Contents/Developer/Toolchains/XcodeDefault.xctoolchain/usr/include/c++/v1/deque:1854:0\n                             std::__1::priority_queue<fml::DelayedTask, std::__1::deque<fml::DelayedTask, std::__1::allocator<fml::DelayedTask> >, std::__1::greater<fml::DelayedTask> >::push(fml::DelayedTask&&)\n                             /opt/s/w/ir/cache/osx_sdk/XCode.app/Contents/Developer/Toolchains/XcodeDefault.xctoolchain/usr/include/c++/v1/queue:745:0\n                             fml::MessageLoopTaskQueues::RegisterTask(fml::TaskQueueId, std::__1::function<void ()> const&, fml::TimePoint)\n                             flutter/fml/message_loop_task_queues.cc:78:0\n                             fml::MessageLoopImpl::PostTask(std::__1::function<void ()> const&, fml::TimePoint)\n                             flutter/fml/message_loop_impl.cc:66:0\n#17 00000001032b0c24 Flutter 0x103274000 + 248868\n                             fml::MessageLoopTaskQueues::RegisterTask(fml::TaskQueueId, std::__1::function<void ()> const&, fml::TimePoint)\n                             flutter/fml/message_loop_task_queues.cc:77:44\n                             fml::MessageLoopImpl::PostTask(std::__1::function<void ()> const&, fml::TimePoint)\n                             flutter/fml/message_loop_impl.cc:66:0\n#18 00000001e76a9b40 libsystem_pthread.dylib 0x1e76a8000 + 6976\n#19 00000001e76b2768 libsystem_pthread.dylib 0x1e76a8000 + 42856\n",
    "notes": []
  }
]