{
  "results": [
    {
      "crash": {
        "engineVariant": {
          "os": "android",
          "arch": "arm64",
          "mode": "release"
        },
        "frames": [
          {
            "no": "00",
            "pc": 828380,
            "binary": "/vendor/lib64/egl/libGLESv2_mtk.so",
            "rest": "",
            "buildId": null,
            "runtimeType": "android"
          },
          {
            "no": "00",
            "pc": 1245732,
            "binary": "/vendor/lib64/egl/libGLESv2_mtk.so",
            "rest": "",
            "buildId": null,
            "runtimeType": "android"
          },
          {
            "no": "00",
            "pc": 1240592,
            "binary": "/vendor/lib64/egl/libGLESv2_mtk.so",
            "rest": " (glTexImage2D+320)",
            "buildId": null,
            "runtimeType": "android"
          },
          {
            "no": "00",
            "pc": 599332,
            "binary": "/vendor/lib64/egl/libGLES_meow.so",
            "rest": " (MEOW::meow_call_ddk_gl_2_glTexImage2D(unsigned int, int, int, int, int, int, unsigned int, unsigned int, void const*)+44)",
            "buildId": null,
            "runtimeType": "android"
          },
          {
            "no": "00",
            "pc": 5209064,
            "binary": "/data/app/~~ohSnZG9DPcAaAAL4hXxgZQ==/com.youcam.videoeditor.reface.makeup-Ryc0VmVKG1209nqO_XfCUA==/lib/arm64/libflutter.so",
            "rest": "",
            "buildId": null,
            "runtimeType": "android"
          },
          {
            "no": "00",
            "pc": 5190568,
            "binary": "/data/app/~~ohSnZG9DPcAaAAL4hXxgZQ==/com.youcam.videoeditor.reface.makeup-Ryc0VmVKG1209nqO_XfCUA==/lib/arm64/libflutter.so",
            "rest": "",
            "buildId": null,
            "runtimeType": "android"
          },
          {
            "no": "00",
            "pc": 4648348,
            "binary": "/data/app/~~ohSnZG9DPcAaAAL4hXxgZQ==/com.youcam.videoeditor.reface.makeup-Ryc0VmVKG1209nqO_XfCUA==/lib/arm64/libflutter.so",
            "rest": "",
            "buildId": null,
            "runtimeType": "android"
          },
          {
            "no": "00",
            "pc": 4648968,
            "binary": "/data/app/~~ohSnZG9DPcAaAAL4hXxgZQ==/com.youcam.videoeditor.reface.makeup-Ryc0VmVKG1209nqO_XfCUA==/lib/arm64/libflutter.so",
            "rest": "",
            "buildId": null,
            "runtimeType": "android"
          },
          {
            "no": "00",
            "pc": 4698112,
            "binary": "/data/app/~~ohSnZG9DPcAaAAL4hXxgZQ==/com.youcam.videoeditor.reface.makeup-Ryc0VmVKG1209nqO_XfCUA==/lib/arm64/libflutter.so",
            "rest": "",
            "buildId": null,
            "runtimeType": "android"
          },
          {
            "no": "00",
            "pc": 4675116,
            "binary": "/data/app/~~ohSnZG9DPcAaAAL4hXxgZQ==/com.youcam.videoeditor.reface.makeup-Ryc0VmVKG1209nqO_XfCUA==/lib/arm64/libflutter.so",
            "rest": "",
            "buildId": null,
            "runtimeType": "android"
          },
          {
            "no": "00",
            "pc": 4727844,
            "binary": "/data/app/~~ohSnZG9DPcAaAAL4hXxgZQ==/com.youcam.videoeditor.reface.makeup-Ryc0VmVKG1209nqO_XfCUA==/lib/arm64/libflutter.so",
            "rest": "",
            "buildId": null,
            "runtimeType": "android"
          },
          {
            "no": "00",
            "pc": 4674340,
            "binary": "/data/app/~~ohSnZG9DPcAaAAL4hXxgZQ==/com.youcam.videoeditor.reface.makeup-Ryc0VmVKG1209nqO_XfCUA==/lib/arm64/libflutter.so",
            "rest": "",
            "buildId": null,
            "runtimeType": "android"
          },
          {
            "no": "00",
            "pc": 5002264,
            "binary": "/data/app/~~ohSnZG9DPcAaAAL4hXxgZQ==/com.youcam.videoeditor.reface.makeup-Ryc0VmVKG1209nqO_XfCUA==/lib/arm64/libflutter.so",
            "rest": "",
            "buildId": null,
            "runtimeType": "android"
          },
          {
            "no": "00",
            "pc": 5002652,
            "binary": "/data/app/~~ohSnZG9DPcAaAAL4hXxgZQ==/com.youcam.videoeditor.reface.makeup-Ryc0VmVKG1209nqO_XfCUA==/lib/arm64/libflutter.so",
            "rest": "",
            "buildId": null,
            "runtimeType": "android"
          },
          {
            "no": "00",
            "pc": 5010448,
            "binary": "/data/app/~~ohSnZG9DPcAaAAL4hXxgZQ==/com.youcam.videoeditor.reface.makeup-Ryc0VmVKG1209nqO_XfCUA==/lib/arm64/libflutter.so",
            "rest": "",
            "buildId": null,
            "runtimeType": "android"
          },
          {
            "no": "00",
            "pc": 3183044,
            "binary": "/data/app/~~ohSnZG9DPcAaAAL4hXxgZQ==/com.youcam.videoeditor.reface.makeup-Ryc0VmVKG1209nqO_XfCUA==/lib/arm64/libflutter.so",
            "rest": "",
            "buildId": null,
            "runtimeType": "android"
          },
          {
            "no": "00",
            "pc": 3137608,
            "binary": "/data/app/~~ohSnZG9DPcAaAAL4hXxgZQ==/com.youcam.videoeditor.reface.makeup-Ryc0VmVKG1209nqO_XfCUA==/lib/arm64/libflutter.so",
            "rest": "",
            "buildId": null,
            "runtimeType": "android"
          },
          {
            "no": "00",
            "pc": 3182284,
            "binary": "/data/app/~~ohSnZG9DPcAaAAL4hXxgZQ==/com.youcam.videoeditor.reface.makeup-Ryc0VmVKG1209nqO_XfCUA==/lib/arm64/libflutter.so",
            "rest": "",
            "buildId": null,
            "runtimeType": "android"
          },
          {
            "no": "00",
            "pc": 3133596,
            "binary": "/data/app/~~ohSnZG9DPcAaAAL4hXxgZQ==/com.youcam.videoeditor.reface.makeup-Ryc0VmVKG1209nqO_XfCUA==/lib/arm64/libflutter.so",
            "rest": "",
            "buildId": null,
            "runtimeType": "android"
          },
          {
            "no": "00",
            "pc": 3145504,
            "binary": "/data/app/~~ohSnZG9DPcAaAAL4hXxgZQ==/com.youcam.videoeditor.reface.makeup-Ryc0VmVKG1209nqO_XfCUA==/lib/arm64/libflutter.so",
            "rest": "",
            "buildId": null,
            "runtimeType": "android"
          },
          {
            "no": "00",
            "pc": 106596,
            "binary": "/system/lib64/libutils.so",
            "rest": " (android::Looper::pollInner(int)+916)",
            "buildId": null,
            "runtimeType": "android"
          },
          {
            "no": "00",
            "pc": 105576,
            "binary": "/system/lib64/libutils.so",
            "rest": " (android::Looper::pollOnce(int, int*, int*, void**)+112)",
            "buildId": null,
            "runtimeType": "android"
          },
          {
            "no": "00",
            "pc": 77116,
            "binary": "/system/lib64/libandroid.so",
            "rest": " (ALooper_pollOnce+100)",
            "buildId": null,
            "runtimeType": "android"
          },
          {
            "no": "00",
            "pc": 3145776,
            "binary": "/data/app/~~ohSnZG9DPcAaAAL4hXxgZQ==/com.youcam.videoeditor.reface.makeup-Ryc0VmVKG1209nqO_XfCUA==/lib/arm64/libflutter.so",
            "rest": "",
            "buildId": null,
            "runtimeType": "android"
          },
          {
            "no": "00",
            "pc": 3131728,
            "binary": "/data/app/~~ohSnZG9DPcAaAAL4hXxgZQ==/com.youcam.videoeditor.reface.makeup-Ryc0VmVKG1209nqO_XfCUA==/lib/arm64/libflutter.so",
            "rest": "",
            "buildId": null,
            "runtimeType": "android"
          },
          {
            "no": "00",
            "pc": 3139632,
            "binary": "/data/app/~~ohSnZG9DPcAaAAL4hXxgZQ==/com.youcam.videoeditor.reface.makeup-Ryc0VmVKG1209nqO_XfCUA==/lib/arm64/libflutter.so",
            "rest": "",
            "buildId": null,
            "runtimeType": "android"
          },
          {
            "no": "00",
            "pc": 970904,
            "binary": "/apex/com.android.runtime/lib64/bionic/libc.so",
            "rest": " (__pthread_start(void*)+64)",
            "buildId": null,
            "runtimeType": "android"
          },
          {
            "no": "00",
            "pc": 576272,
            "binary": "/apex/com.android.runtime/lib64/bionic/libc.so",
            "rest": " (__start_thread+64)",
            "buildId": null,
            "runtimeType": "android"
          }
        ],
        "format": "native",
        "androidMajorVersion": 11
      },
      "engineBuild": {
        "engineHash": "6ac856380fa4f66469552ce986edf59f65f7cd68",
        "variant": {
          "os": "android",
          "arch": "arm64",
          "mode": "release"
        }
      },
      "symbolized": "#00 00000000000ca3dc /vendor/lib64/egl/libGLESv2_mtk.so \n#01 0000000000130224 /vendor/lib64/egl/libGLESv2_mtk.so \n#02 000000000012ee10 /vendor/lib64/egl/libGLESv2_mtk.so (glTexImage2D+320)\n#03 0000000000092524 /vendor/lib64/egl/libGLES_meow.so (MEOW::meow_call_ddk_gl_2_glTexImage2D(unsigned int, int, int, int, int, int, unsigned int, unsigned int, void const*)+44)\n#04 00000000004f7be8 <...>/lib/arm64/libflutter.so \n                                                   GrGLFunction<void (unsigned int, int, int, int, int, int, unsigned int, unsigned int, void const*)>::operator()(unsigned int, int, int, int, int, int, unsigned int, unsigned int, void const*) const\n                                                   third_party/skia/include/gpu/gl/GrGLFunctions.h:291:22\n                                                   GrGLGpu::createTexture(SkISize, GrGLFormat, unsigned int, GrRenderable, GrGLTextureParameters::SamplerOverriddenState*, int)::$_8::operator()() const\n                                                   third_party/skia/src/gpu/gl/GrGLGpu.cpp:1695:29\n                                                   GrGLGpu::createTexture(SkISize, GrGLFormat, unsigned int, GrRenderable, GrGLTextureParameters::SamplerOverriddenState*, int)\n                                                   third_party/skia/src/gpu/gl/GrGLGpu.cpp:1695:29\n#05 00000000004f33a8 <...>/lib/arm64/libflutter.so \n                                                   GrGLGpu::onCreateTexture(SkISize, GrBackendFormat const&, GrRenderable, int, SkBudgeted, GrProtected, int, unsigned int)\n                                                   third_party/skia/src/gpu/gl/GrGLGpu.cpp:1348:25\n#06 000000000046ed9c <...>/lib/arm64/libflutter.so \n                                                   GrGpu::createTextureCommon(SkISize, GrBackendFormat const&, GrRenderable, int, SkBudgeted, GrProtected, int, unsigned int)\n                                                   third_party/skia/src/gpu/GrGpu.cpp:125:22\n#07 000000000046f008 <...>/lib/arm64/libflutter.so \n                                                   GrGpu::createTexture(SkISize, GrBackendFormat const&, GrRenderable, int, SkBudgeted, GrProtected, GrColorType, GrColorType, GrMipLevel const*, int)\n                                                   third_party/skia/src/gpu/GrGpu.cpp:202:22\n#08 000000000047b000 <...>/lib/arm64/libflutter.so \n                                                   GrResourceProvider::createTexture(SkISize, GrBackendFormat const&, GrColorType, GrRenderable, int, SkBudgeted, GrMipmapped, GrProtected, GrMipLevel const*)\n                                                   third_party/skia/src/gpu/GrResourceProvider.cpp:88:18\n#09 000000000047562c <...>/lib/arm64/libflutter.so \n                                                   GrProxyProvider::createMippedProxyFromBitmap(SkBitmap const&, SkBudgeted)::$_1::operator()(GrResourceProvider*, GrSurfaceProxy::LazySurfaceDesc const&) const\n                                                   third_party/skia/src/gpu/GrProxyProvider.cpp:377:61\n                                                   decltype(std::__1::forward<GrProxyProvider::createMippedProxyFromBitmap(SkBitmap const&, SkBudgeted)::$_1&>(fp)(std::__1::forward<GrResourceProvider*>(fp0), std::__1::forward<GrSurfaceProxy::LazySurfaceDesc const&>(fp0))) std::__1::__invoke<GrProxyProvider::createMippedProxyFromBitmap(SkBitmap const&, SkBudgeted)::$_1&, GrResourceProvider*, GrSurfaceProxy::LazySurfaceDesc const&>(GrProxyProvider::createMippedProxyFromBitmap(SkBitmap const&, SkBudgeted)::$_1&, GrResourceProvider*&&, GrSurfaceProxy::LazySurfaceDesc const&)\n                                                   third_party/libcxx/include/type_traits:3530:1\n                                                   GrSurfaceProxy::LazyCallbackResult std::__1::__invoke_void_return_wrapper<GrSurfaceProxy::LazyCallbackResult>::__call<GrProxyProvider::createMippedProxyFromBitmap(SkBitmap const&, SkBudgeted)::$_1&, GrResourceProvider*, GrSurfaceProxy::LazySurfaceDesc const&>(GrProxyProvider::createMippedProxyFromBitmap(SkBitmap const&, SkBudgeted)::$_1&, GrResourceProvider*&&, GrSurfaceProxy::LazySurfaceDesc const&)\n                                                   third_party/libcxx/include/__functional_base:317:16\n                                                   std::__1::__function::__alloc_func<GrProxyProvider::createMippedProxyFromBitmap(SkBitmap const&, SkBudgeted)::$_1, std::__1::allocator<GrProxyProvider::createMippedProxyFromBitmap(SkBitmap const&, SkBudgeted)::$_1>, GrSurfaceProxy::LazyCallbackResult (GrResourceProvider*, GrSurfaceProxy::LazySurfaceDesc const&)>::operator()(GrResourceProvider*&&, GrSurfaceProxy::LazySurfaceDesc const&)\n                                                   third_party/libcxx/include/functional:1533:16\n                                                   std::__1::__function::__func<GrProxyProvider::createMippedProxyFromBitmap(SkBitmap const&, SkBudgeted)::$_1, std::__1::allocator<GrProxyProvider::createMippedProxyFromBitmap(SkBitmap const&, SkBudgeted)::$_1>, GrSurfaceProxy::LazyCallbackResult (GrResourceProvider*, GrSurfaceProxy::LazySurfaceDesc const&)>::operator()(GrResourceProvider*&&, GrSurfaceProxy::LazySurfaceDesc const&)\n                                                   third_party/libcxx/include/functional:1707:12\n#10 0000000000482424 <...>/lib/arm64/libflutter.so \n                                                   std::__1::__function::__value_func<GrSurfaceProxy::LazyCallbackResult (GrResourceProvider*, GrSurfaceProxy::LazySurfaceDesc const&)>::operator()(GrResourceProvider*&&, GrSurfaceProxy::LazySurfaceDesc const&) const\n                                                   third_party/libcxx/include/functional:1860:16\n                                                   std::__1::function<GrSurfaceProxy::LazyCallbackResult (GrResourceProvider*, GrSurfaceProxy::LazySurfaceDesc const&)>::operator()(GrResourceProvider*, GrSurfaceProxy::LazySurfaceDesc const&) const\n                                                   third_party/libcxx/include/functional:2419:12\n                                                   GrSurfaceProxyPriv::doLazyInstantiation(GrResourceProvider*)\n                                                   third_party/skia/src/gpu/GrSurfaceProxy.cpp:417:23\n#11 0000000000475324 <...>/lib/arm64/libflutter.so \n                                                   GrProxyProvider::createProxyFromBitmap(SkBitmap const&, GrMipmapped, SkBackingFit, SkBudgeted)\n                                                   third_party/skia/src/gpu/GrProxyProvider.cpp:306:28\n#12 00000000004c5418 <...>/lib/arm64/libflutter.so \n                                                   make_bmp_proxy(GrProxyProvider*, SkBitmap const&, GrColorType, GrMipmapped, SkBackingFit, SkBudgeted)\n                                                   third_party/skia/src/gpu/SkGr.cpp:162:33\n#13 00000000004c559c <...>/lib/arm64/libflutter.so \n                                                   GrMakeUncachedBitmapProxyView(GrRecordingContext*, SkBitmap const&, GrMipmapped, SkBackingFit, SkBudgeted)\n                                                   third_party/skia/src/gpu/SkGr.cpp:245:22\n#14 00000000004c7410 <...>/lib/arm64/libflutter.so \n                                                   SkImage::MakeCrossContextFromPixmap(GrDirectContext*, SkPixmap const&, bool, bool)\n                                                   third_party/skia/src/image/SkImage_Gpu.cpp:662:23\n#15 00000000003091c4 <...>/lib/arm64/libflutter.so \n                                                   flutter::UploadRasterImage(sk_sp<SkImage>, fml::WeakPtr<flutter::IOManager>, fml::tracing::TraceFlow const&)::$_3::operator()() const\n                                                   flutter/lib/ui/painting/image_decoder.cc:202:44\n                                                   decltype(std::__1::forward<flutter::UploadRasterImage(sk_sp<SkImage>, fml::WeakPtr<flutter::IOManager>, fml::tracing::TraceFlow const&)::$_3&>(fp)()) std::__1::__invoke<flutter::UploadRasterImage(sk_sp<SkImage>, fml::WeakPtr<flutter::IOManager>, fml::tracing::TraceFlow const&)::$_3&>(flutter::UploadRasterImage(sk_sp<SkImage>, fml::WeakPtr<flutter::IOManager>, fml::tracing::TraceFlow const&)::$_3&)\n                                                   third_party/libcxx/include/type_traits:3530:1\n                                                   void std::__1::__invoke_void_return_wrapper<void>::__call<flutter::UploadRasterImage(sk_sp<SkImage>, fml::WeakPtr<flutter::IOManager>, fml::tracing::TraceFlow const&)::$_3&>(flutter::UploadRasterImage(sk_sp<SkImage>, fml::WeakPtr<flutter::IOManager>, fml::tracing::TraceFlow const&)::$_3&)\n                                                   third_party/libcxx/include/__functional_base:348:9\n                                                   std::__1::__function::__alloc_func<flutter::UploadRasterImage(sk_sp<SkImage>, fml::WeakPtr<flutter::IOManager>, fml::tracing::TraceFlow const&)::$_3, std::__1::allocator<flutter::UploadRasterImage(sk_sp<SkImage>, fml::WeakPtr<flutter::IOManager>, fml::tracing::TraceFlow const&)::$_3>, void ()>::operator()()\n                                                   third_party/libcxx/include/functional:1533:16\n                                                   std::__1::__function::__func<flutter::UploadRasterImage(sk_sp<SkImage>, fml::WeakPtr<flutter::IOManager>, fml::tracing::TraceFlow const&)::$_3, std::__1::allocator<flutter::UploadRasterImage(sk_sp<SkImage>, fml::WeakPtr<flutter::IOManager>, fml::tracing::TraceFlow const&)::$_3>, void ()>::operator()()\n                                                   third_party/libcxx/include/functional:1707:12\n#16 00000000002fe048 <...>/lib/arm64/libflutter.so \n                                                   fml::SyncSwitch::Execute(fml::SyncSwitch::Handlers const&) const\n                                                   flutter/fml/synchronization/sync_switch.cc:0:0\n#17 0000000000308ecc <...>/lib/arm64/libflutter.so \n                                                   flutter::UploadRasterImage(sk_sp<SkImage>, fml::WeakPtr<flutter::IOManager>, fml::tracing::TraceFlow const&)\n                                                   flutter/lib/ui/painting/image_decoder.cc:187:45\n                                                   flutter::ImageDecoder::Decode(fml::RefPtr<flutter::ImageDescriptor>, unsigned int, unsigned int, std::__1::function<void (flutter::SkiaGPUObject<SkImage>)> const&)::$_1::operator()()::'lambda'()::operator()()\n                                                   flutter/lib/ui/painting/image_decoder.cc:316:15\n                                                   auto fml::internal::CopyableLambda<flutter::ImageDecoder::Decode(fml::RefPtr<flutter::ImageDescriptor>, unsigned int, unsigned int, std::__1::function<void (flutter::SkiaGPUObject<SkImage>)> const&)::$_1::operator()()::'lambda'()>::operator()<>() const\n                                                   flutter/fml/make_copyable.h:24:12\n                                                   decltype(std::__1::forward<fml::internal::CopyableLambda<flutter::ImageDecoder::Decode(fml::RefPtr<flutter::ImageDescriptor>, unsigned int, unsigned int, std::__1::function<void (flutter::SkiaGPUObject<SkImage>)> const&)::$_1::operator()()::'lambda'()>&>(fp)()) std::__1::__invoke<fml::internal::CopyableLambda<flutter::ImageDecoder::Decode(fml::RefPtr<flutter::ImageDescriptor>, unsigned int, unsigned int, std::__1::function<void (flutter::SkiaGPUObject<SkImage>)> const&)::$_1::operator()()::'lambda'()>&>(fml::internal::CopyableLambda<flutter::ImageDecoder::Decode(fml::RefPtr<flutter::ImageDescriptor>, unsigned int, unsigned int, std::__1::function<void (flutter::SkiaGPUObject<SkImage>)> const&)::$_1::operator()()::'lambda'()>&)\n                                                   third_party/libcxx/include/type_traits:3530:1\n                                                   void std::__1::__invoke_void_return_wrapper<void>::__call<fml::internal::CopyableLambda<flutter::ImageDecoder::Decode(fml::RefPtr<flutter::ImageDescriptor>, unsigned int, unsigned int, std::__1::function<void (flutter::SkiaGPUObject<SkImage>)> const&)::$_1::operator()()::'lambda'()>&>(fml::internal::CopyableLambda<flutter::ImageDecoder::Decode(fml::RefPtr<flutter::ImageDescriptor>, unsigned int, unsigned int, std::__1::function<void (flutter::SkiaGPUObject<SkImage>)> const&)::$_1::operator()()::'lambda'()>&)\n                                                   third_party/libcxx/include/__functional_base:348:9\n                                                   std::__1::__function::__alloc_func<fml::internal::CopyableLambda<flutter::ImageDecoder::Decode(fml::RefPtr<flutter::ImageDescriptor>, unsigned int, unsigned int, std::__1::function<void (flutter::SkiaGPUObject<SkImage>)> const&)::$_1::operator()()::'lambda'()>, std::__1::allocator<fml::internal::CopyableLambda<flutter::ImageDecoder::Decode(fml::RefPtr<flutter::ImageDescriptor>, unsigned int, unsigned int, std::__1::function<void (flutter::SkiaGPUObject<SkImage>)> const&)::$_1::operator()()::'lambda'()> >, void ()>::operator()()\n                                                   third_party/libcxx/include/functional:1533:16\n                                                   std::__1::__function::__func<fml::internal::CopyableLambda<flutter::ImageDecoder::Decode(fml::RefPtr<flutter::ImageDescriptor>, unsigned int, unsigned int, std::__1::function<void (flutter::SkiaGPUObject<SkImage>)> const&)::$_1::operator()()::'lambda'()>, std::__1::allocator<fml::internal::CopyableLambda<flutter::ImageDecoder::Decode(fml::RefPtr<flutter::ImageDescriptor>, unsigned int, unsigned int, std::__1::function<void (flutter::SkiaGPUObject<SkImage>)> const&)::$_1::operator()()::'lambda'()> >, void ()>::operator()()\n                                                   third_party/libcxx/include/functional:1707:12\n#18 00000000002fd09c <...>/lib/arm64/libflutter.so \n                                                   std::__1::function<void ()>::operator()() const\n                                                   third_party/libcxx/include/functional:2419:12\n                                                   fml::MessageLoopImpl::FlushTasks(fml::FlushType)\n                                                   flutter/fml/message_loop_impl.cc:130:5\n                                                   fml::MessageLoopImpl::RunExpiredTasksNow()\n                                                   flutter/fml/message_loop_impl.cc:143:3\n#19 00000000002fff20 <...>/lib/arm64/libflutter.so \n                                                   fml::MessageLoopAndroid::OnEventFired()\n                                                   flutter/fml/platform/android/message_loop_android.cc:92:5\n                                                   fml::MessageLoopAndroid::MessageLoopAndroid()::$_0::operator()(int, int, void*) const\n                                                   flutter/fml/platform/android/message_loop_android.cc:42:52\n                                                   fml::MessageLoopAndroid::MessageLoopAndroid()::$_0::__invoke(int, int, void*)\n                                                   flutter/fml/platform/android/message_loop_android.cc:40:40\n#20 000000000001a064 /system/lib64/libutils.so (android::Looper::pollInner(int)+916)\n#21 0000000000019c68 /system/lib64/libutils.so (android::Looper::pollOnce(int, int*, int*, void**)+112)\n#22 0000000000012d3c /system/lib64/libandroid.so (ALooper_pollOnce+100)\n#23 0000000000300030 <...>/lib/arm64/libflutter.so \n                                                   fml::MessageLoopAndroid::Run()\n                                                   flutter/fml/platform/android/message_loop_android.cc:68:18\n#24 00000000002fc950 <...>/lib/arm64/libflutter.so \n                                                   fml::MessageLoopImpl::DoRun()\n                                                   flutter/fml/message_loop_impl.cc:0:3\n                                                   fml::MessageLoop::Run()\n                                                   flutter/fml/message_loop.cc:49:10\n#25 00000000002fe830 <...>/lib/arm64/libflutter.so \n                                                   fml::Thread::Thread(std::__1::basic_string<char, std::__1::char_traits<char>, std::__1::allocator<char> > const&)::$_0::operator()() const\n                                                   flutter/fml/thread.cc:35:10\n                                                   decltype(std::__1::forward<fml::Thread::Thread(std::__1::basic_string<char, std::__1::char_traits<char>, std::__1::allocator<char> > const&)::$_0>(fp)()) std::__1::__invoke<fml::Thread::Thread(std::__1::basic_string<char, std::__1::char_traits<char>, std::__1::allocator<char> > const&)::$_0>(fml::Thread::Thread(std::__1::basic_string<char, std::__1::char_traits<char>, std::__1::allocator<char> > const&)::$_0&&)\n                                                   third_party/libcxx/include/type_traits:3530:1\n                                                   void std::__1::__thread_execute<std::__1::unique_ptr<std::__1::__thread_struct, std::__1::default_delete<std::__1::__thread_struct> >, fml::Thread::Thread(std::__1::basic_string<char, std::__1::char_traits<char>, std::__1::allocator<char> > const&)::$_0>(std::__1::tuple<std::__1::unique_ptr<std::__1::__thread_struct, std::__1::default_delete<std::__1::__thread_struct> >, fml::Thread::Thread(std::__1::basic_string<char, std::__1::char_traits<char>, std::__1::allocator<char> > const&)::$_0>&, std::__1::__tuple_indices<>)\n                                                   third_party/libcxx/include/thread:341:5\n                                                   void* std::__1::__thread_proxy<std::__1::tuple<std::__1::unique_ptr<std::__1::__thread_struct, std::__1::default_delete<std::__1::__thread_struct> >, fml::Thread::Thread(std::__1::basic_string<char, std::__1::char_traits<char>, std::__1::allocator<char> > const&)::$_0> >(void*)\n                                                   third_party/libcxx/include/thread:351:5\n#26 00000000000ed098 /apex/com.android.runtime/lib64/bionic/libc.so (__pthread_start(void*)+64)\n#27 000000000008cb10 /apex/com.android.runtime/lib64/bionic/libc.so (__start_thread+64)\n",
      "notes": []
    }
  ],
  "runtimeType": "ok"
}