{
  "results": [
    {
      "crash": {
        "engineVariant": {
          "os": "ios",
          "arch": "arm64",
          "mode": "release"
        },
        "frames": [
          {
            "no": "0",
            "binary": "Metal",
            "pc": 6945242160,
            "symbol": "0x19df6c000",
            "offset": 80944,
            "location": "",
            "runtimeType": "ios"
          },
          {
            "no": "1",
            "binary": "AGXMetalA12",
            "pc": 7531075972,
            "symbol": "0x1c0dbb000",
            "offset": 485764,
            "location": "",
            "runtimeType": "ios"
          },
          {
            "no": "2",
            "binary": "(null)",
            "pc": 5497892947703797636,
            "symbol": "0x0",
            "offset": 5497892947703797636,
            "location": "",
            "runtimeType": "ios"
          },
          {
            "no": "3",
            "binary": "(null)",
            "pc": 4276873190430856880,
            "symbol": "0x0",
            "offset": 4276873190430856880,
            "location": "",
            "runtimeType": "ios"
          },
          {
            "no": "4",
            "binary": "(null)",
            "pc": 2391577982488828112,
            "symbol": "0x0",
            "offset": 2391577982488828112,
            "location": "",
            "runtimeType": "ios"
          },
          {
            "no": "5",
            "binary": "Flutter",
            "pc": 4343498636,
            "symbol": "0x102bd4000",
            "offset": 2574220,
            "location": "",
            "runtimeType": "ios"
          },
          {
            "no": "6",
            "binary": "Flutter",
            "pc": 4342475604,
            "symbol": "0x102bd4000",
            "offset": 1551188,
            "location": "",
            "runtimeType": "ios"
          },
          {
            "no": "7",
            "binary": "Flutter",
            "pc": 4342552912,
            "symbol": "0x102bd4000",
            "offset": 1628496,
            "location": "",
            "runtimeType": "ios"
          },
          {
            "no": "8",
            "binary": "Flutter",
            "pc": 4342554712,
            "symbol": "0x102bd4000",
            "offset": 1630296,
            "location": "",
            "runtimeType": "ios"
          },
          {
            "no": "9",
            "binary": "Flutter",
            "pc": 4342525028,
            "symbol": "0x102bd4000",
            "offset": 1600612,
            "location": "",
            "runtimeType": "ios"
          },
          {
            "no": "10",
            "binary": "Flutter",
            "pc": 4342646152,
            "symbol": "0x102bd4000",
            "offset": 1721736,
            "location": "",
            "runtimeType": "ios"
          },
          {
            "no": "11",
            "binary": "Flutter",
            "pc": 4342523392,
            "symbol": "0x102bd4000",
            "offset": 1598976,
            "location": "",
            "runtimeType": "ios"
          },
          {
            "no": "12",
            "binary": "Flutter",
            "pc": 4342362664,
            "symbol": "0x102bd4000",
            "offset": 1438248,
            "location": "",
            "runtimeType": "ios"
          },
          {
            "no": "13",
            "binary": "Flutter",
            "pc": 4342562116,
            "symbol": "0x102bd4000",
            "offset": 1637700,
            "location": "",
            "runtimeType": "ios"
          },
          {
            "no": "14",
            "binary": "Flutter",
            "pc": 4342567716,
            "symbol": "0x102bd4000",
            "offset": 1643300,
            "location": "",
            "runtimeType": "ios"
          },
          {
            "no": "15",
            "binary": "Flutter",
            "pc": 4342617196,
            "symbol": "0x102bd4000",
            "offset": 1692780,
            "location": "",
            "runtimeType": "ios"
          },
          {
            "no": "16",
            "binary": "Flutter",
            "pc": 4342618448,
            "symbol": "0x102bd4000",
            "offset": 1694032,
            "location": "",
            "runtimeType": "ios"
          },
          {
            "no": "17",
            "binary": "Flutter",
            "pc": 4342632804,
            "symbol": "0x102bd4000",
            "offset": 1708388,
            "location": "",
            "runtimeType": "ios"
          },
          {
            "no": "18",
            "binary": "Flutter",
            "pc": 4343137332,
            "symbol": "0x102bd4000",
            "offset": 2212916,
            "location": "",
            "runtimeType": "ios"
          },
          {
            "no": "19",
            "binary": "Flutter",
            "pc": 4341252960,
            "symbol": "0x102bd4000",
            "offset": 328544,
            "location": "",
            "runtimeType": "ios"
          },
          {
            "no": "20",
            "binary": "Flutter",
            "pc": 4341281140,
            "symbol": "0x102bd4000",
            "offset": 356724,
            "location": "",
            "runtimeType": "ios"
          },
          {
            "no": "21",
            "binary": "Flutter",
            "pc": 4341890048,
            "symbol": "0x102bd4000",
            "offset": 965632,
            "location": "",
            "runtimeType": "ios"
          },
          {
            "no": "22",
            "binary": "Flutter",
            "pc": 4341258832,
            "symbol": "0x102bd4000",
            "offset": 334416,
            "location": "",
            "runtimeType": "ios"
          },
          {
            "no": "23",
            "binary": "Flutter",
            "pc": 4341286664,
            "symbol": "0x102bd4000",
            "offset": 362248,
            "location": "",
            "runtimeType": "ios"
          },
          {
            "no": "24",
            "binary": "Flutter",
            "pc": 4341889876,
            "symbol": "0x102bd4000",
            "offset": 965460,
            "location": "",
            "runtimeType": "ios"
          },
          {
            "no": "25",
            "binary": "Flutter",
            "pc": 4344224664,
            "symbol": "0x102bd4000",
            "offset": 3300248,
            "location": "",
            "runtimeType": "ios"
          },
          {
            "no": "26",
            "binary": "Flutter",
            "pc": 4344211256,
            "symbol": "0x102bd4000",
            "offset": 3286840,
            "location": "",
            "runtimeType": "ios"
          },
          {
            "no": "27",
            "binary": "Flutter",
            "pc": 4344221036,
            "symbol": "0x102bd4000",
            "offset": 3296620,
            "location": "",
            "runtimeType": "ios"
          },
          {
            "no": "28",
            "binary": "Flutter",
            "pc": 4344211256,
            "symbol": "0x102bd4000",
            "offset": 3286840,
            "location": "",
            "runtimeType": "ios"
          },
          {
            "no": "29",
            "binary": "Flutter",
            "pc": 4344227172,
            "symbol": "0x102bd4000",
            "offset": 3302756,
            "location": "",
            "runtimeType": "ios"
          },
          {
            "no": "30",
            "binary": "Flutter",
            "pc": 4344211256,
            "symbol": "0x102bd4000",
            "offset": 3286840,
            "location": "",
            "runtimeType": "ios"
          },
          {
            "no": "31",
            "binary": "Flutter",
            "pc": 4344227172,
            "symbol": "0x102bd4000",
            "offset": 3302756,
            "location": "",
            "runtimeType": "ios"
          },
          {
            "no": "32",
            "binary": "Flutter",
            "pc": 4344211256,
            "symbol": "0x102bd4000",
            "offset": 3286840,
            "location": "",
            "runtimeType": "ios"
          },
          {
            "no": "33",
            "binary": "Flutter",
            "pc": 4344227172,
            "symbol": "0x102bd4000",
            "offset": 3302756,
            "location": "",
            "runtimeType": "ios"
          },
          {
            "no": "34",
            "binary": "Flutter",
            "pc": 4344211256,
            "symbol": "0x102bd4000",
            "offset": 3286840,
            "location": "",
            "runtimeType": "ios"
          },
          {
            "no": "35",
            "binary": "Flutter",
            "pc": 4344204128,
            "symbol": "0x102bd4000",
            "offset": 3279712,
            "location": "",
            "runtimeType": "ios"
          },
          {
            "no": "36",
            "binary": "Flutter",
            "pc": 4344260904,
            "symbol": "0x102bd4000",
            "offset": 3336488,
            "location": "",
            "runtimeType": "ios"
          },
          {
            "no": "37",
            "binary": "Flutter",
            "pc": 4344264164,
            "symbol": "0x102bd4000",
            "offset": 3339748,
            "location": "",
            "runtimeType": "ios"
          },
          {
            "no": "38",
            "binary": "Flutter",
            "pc": 4344261904,
            "symbol": "0x102bd4000",
            "offset": 3337488,
            "location": "",
            "runtimeType": "ios"
          },
          {
            "no": "39",
            "binary": "Flutter",
            "pc": 4344291268,
            "symbol": "0x102bd4000",
            "offset": 3366852,
            "location": "",
            "runtimeType": "ios"
          },
          {
            "no": "40",
            "binary": "Flutter",
            "pc": 4343897492,
            "symbol": "0x102bd4000",
            "offset": 2973076,
            "location": "",
            "runtimeType": "ios"
          },
          {
            "no": "41",
            "binary": "Flutter",
            "pc": 4343905268,
            "symbol": "0x102bd4000",
            "offset": 2980852,
            "location": "",
            "runtimeType": "ios"
          },
          {
            "no": "42",
            "binary": "CoreFoundation",
            "pc": 6601744784,
            "symbol": "0x18973c000",
            "offset": 713104,
            "location": "",
            "runtimeType": "ios"
          },
          {
            "no": "43",
            "binary": "(null)",
            "pc": -5973801698244780376,
            "symbol": "0x0",
            "offset": null,
            "location": "",
            "runtimeType": "ios"
          },
          {
            "no": "44",
            "binary": "(null)",
            "pc": -2157568362048219876,
            "symbol": "0x0",
            "offset": null,
            "location": "",
            "runtimeType": "ios"
          },
          {
            "no": "45",
            "binary": "(null)",
            "pc": -9126905827834314124,
            "symbol": "0x0",
            "offset": null,
            "location": "",
            "runtimeType": "ios"
          },
          {
            "no": "46",
            "binary": "(null)",
            "pc": -8254995855787017996,
            "symbol": "0x0",
            "offset": null,
            "location": "",
            "runtimeType": "ios"
          },
          {
            "no": "47",
            "binary": "(null)",
            "pc": 6659720493306395344,
            "symbol": "0x0",
            "offset": 6659720493306395344,
            "location": "",
            "runtimeType": "ios"
          },
          {
            "no": "48",
            "binary": "Flutter",
            "pc": 4343903444,
            "symbol": "0x102bd4000",
            "offset": 2979028,
            "location": "",
            "runtimeType": "ios"
          },
          {
            "no": "49",
            "binary": "libsystem_pthread.dylib",
            "pc": 6599162108,
            "symbol": "_pthread_start",
            "offset": 168,
            "location": "",
            "runtimeType": "ios"
          }
        ],
        "format": "native",
        "androidMajorVersion": null
      },
      "engineBuild": {
        "engineHash": "05e680e202af9a92461070cb2d9982acad46c83c",
        "variant": {
          "os": "ios",
          "arch": "arm64",
          "mode": "release"
        }
      },
      "symbolized": "#00 000000019df7fc30 Metal 0x19df6c000 + 80944\n#01 00000001c0e31984 AGXMetalA12 0x1c0dbb000 + 485764\n#02 4c4c7081c1029784 (null) 0x0 + 5497892947703797636\n#03 3b5a8181c105d6b0 (null) 0x0 + 4276873190430856880\n#04 2130978102e458d0 (null) 0x0 + 2391577982488828112\n#05 0000000102e4878c Flutter 0x102bd4000 + 2574220\n                             GrMtlGpu::uploadToTexture(GrMtlTexture*, int, int, int, int, GrColorType, GrMipLevel const*, int)\n                             third_party/skia/src/gpu/mtl/GrMtlGpu.mm:390:71\n                             GrMtlGpu::onWritePixels(GrSurface*, int, int, int, int, GrColorType, GrColorType, GrMipLevel const*, int, bool)\n                             third_party/skia/src/gpu/mtl/GrMtlGpu.mm:1213:0\n#06 0000000102d4eb54 Flutter 0x102bd4000 + 1551188\n                             GrGpu::writePixels(GrSurface*, int, int, int, int, GrColorType, GrColorType, GrMipLevel const*, int, bool)\n                             third_party/skia/src/gpu/GrGpu.cpp:449:15\n#07 0000000102d61950 Flutter 0x102bd4000 + 1628496\n                             GrResourceProvider::writePixels(sk_sp<GrTexture>, GrColorType, SkISize, GrMipLevel const*, int) const\n                             third_party/skia/src/gpu/GrResourceProvider.cpp:682:5\n#08 0000000102d62058 Flutter 0x102bd4000 + 1630296\n                             GrResourceProvider::createTexture(SkISize, GrBackendFormat const&, GrColorType, GrRenderable, int, SkBudgeted, SkBackingFit, GrProtected, GrMipLevel const&)\n                             third_party/skia/src/gpu/GrResourceProvider.cpp:139:22\n#09 0000000102d5ac64 Flutter 0x102bd4000 + 1600612\n                             GrProxyProvider::createNonMippedProxyFromBitmap(SkBitmap const&, SkBackingFit, SkBudgeted)::$_0::operator()(GrResourceProvider*, GrSurfaceProxy::LazySurfaceDesc const&) const\n                             third_party/skia/src/gpu/GrProxyProvider.cpp:328:61\n                             decltype(std::__1::forward<GrProxyProvider::createNonMippedProxyFromBitmap(SkBitmap const&, SkBackingFit, SkBudgeted)::$_0&>(fp)(std::__1::forward<GrResourceProvider*>(fp0), std::__1::forward<GrSurfaceProxy::LazySurfaceDesc const&>(fp0))) std::__1::__invoke<GrProxyProvider::createNonMippedProxyFromBitmap(SkBitmap const&, SkBackingFit, SkBudgeted)::$_0&, GrResourceProvider*, GrSurfaceProxy::LazySurfaceDesc const&>(GrProxyProvider::createNonMippedProxyFromBitmap(SkBitmap const&, SkBackingFit, SkBudgeted)::$_0&, GrResourceProvider*&&, GrSurfaceProxy::LazySurfaceDesc const&)\n                             /opt/s/w/ir/cache/osx_sdk/XCode.app/Contents/Developer/Toolchains/XcodeDefault.xctoolchain/usr/include/c++/v1/type_traits:4425:0\n                             GrSurfaceProxy::LazyCallbackResult std::__1::__invoke_void_return_wrapper<GrSurfaceProxy::LazyCallbackResult>::__call<GrProxyProvider::createNonMippedProxyFromBitmap(SkBitmap const&, SkBackingFit, SkBudgeted)::$_0&, GrResourceProvider*, GrSurfaceProxy::LazySurfaceDesc const&>(GrProxyProvider::createNonMippedProxyFromBitmap(SkBitmap const&, SkBackingFit, SkBudgeted)::$_0&, GrResourceProvider*&&, GrSurfaceProxy::LazySurfaceDesc const&)\n                             /opt/s/w/ir/cache/osx_sdk/XCode.app/Contents/Developer/Toolchains/XcodeDefault.xctoolchain/usr/include/c++/v1/__functional_base:317:0\n                             std::__1::__function::__alloc_func<GrProxyProvider::createNonMippedProxyFromBitmap(SkBitmap const&, SkBackingFit, SkBudgeted)::$_0, std::__1::allocator<GrProxyProvider::createNonMippedProxyFromBitmap(SkBitmap const&, SkBackingFit, SkBudgeted)::$_0>, GrSurfaceProxy::LazyCallbackResult (GrResourceProvider*, GrSurfaceProxy::LazySurfaceDesc const&)>::operator()(GrResourceProvider*&&, GrSurfaceProxy::LazySurfaceDesc const&)\n                             /opt/s/w/ir/cache/osx_sdk/XCode.app/Contents/Developer/Toolchains/XcodeDefault.xctoolchain/usr/include/c++/v1/functional:1533:0\n                             std::__1::__function::__func<GrProxyProvider::createNonMippedProxyFromBitmap(SkBitmap const&, SkBackingFit, SkBudgeted)::$_0, std::__1::allocator<GrProxyProvider::createNonMippedProxyFromBitmap(SkBitmap const&, SkBackingFit, SkBudgeted)::$_0>, GrSurfaceProxy::LazyCallbackResult (GrResourceProvider*, GrSurfaceProxy::LazySurfaceDesc const&)>::operator()(GrResourceProvider*&&, GrSurfaceProxy::LazySurfaceDesc const&)\n                             /opt/s/w/ir/cache/osx_sdk/XCode.app/Contents/Developer/Toolchains/XcodeDefault.xctoolchain/usr/include/c++/v1/functional:1707:0\n#10 0000000102d78588 Flutter 0x102bd4000 + 1721736\n                             std::__1::__function::__value_func<GrSurfaceProxy::LazyCallbackResult (GrResourceProvider*, GrSurfaceProxy::LazySurfaceDesc const&)>::operator()(GrResourceProvider*&&, GrSurfaceProxy::LazySurfaceDesc const&) const\n                             /opt/s/w/ir/cache/osx_sdk/XCode.app/Contents/Developer/Toolchains/XcodeDefault.xctoolchain/usr/include/c++/v1/functional:1860:16\n                             std::__1::function<GrSurfaceProxy::LazyCallbackResult (GrResourceProvider*, GrSurfaceProxy::LazySurfaceDesc const&)>::operator()(GrResourceProvider*, GrSurfaceProxy::LazySurfaceDesc const&) const\n                             /opt/s/w/ir/cache/osx_sdk/XCode.app/Contents/Developer/Toolchains/XcodeDefault.xctoolchain/usr/include/c++/v1/functional:2419:0\n                             GrSurfaceProxyPriv::doLazyInstantiation(GrResourceProvider*)\n                             third_party/skia/src/gpu/GrSurfaceProxy.cpp:403:0\n#11 0000000102d5a600 Flutter 0x102bd4000 + 1598976\n                             GrProxyProvider::createProxyFromBitmap(SkBitmap const&, GrMipmapped, SkBackingFit, SkBudgeted)\n                             third_party/skia/src/gpu/GrProxyProvider.cpp:305:28\n#12 0000000102d33228 Flutter 0x102bd4000 + 1438248\n                             GrBitmapTextureMaker::refOriginalTextureProxyView(GrMipmapped)\n                             third_party/skia/src/gpu/GrBitmapTextureMaker.cpp:90:36\n#13 0000000102d63d44 Flutter 0x102bd4000 + 1637700\n                             GrTextureProducer::view(GrMipmapped)\n                             third_party/skia/src/gpu/GrTextureProducer.cpp:96:25\n                             GrSWMaskHelper::toTextureView(GrRecordingContext*, SkBackingFit)\n                             third_party/skia/src/gpu/GrSWMaskHelper.cpp:159:0\n#14 0000000102d65324 Flutter 0x102bd4000 + 1643300\n                             GrSoftwarePathRenderer::onDrawPath(GrPathRenderer::DrawPathArgs const&)\n                             third_party/skia/src/gpu/GrSoftwarePathRenderer.cpp:365:27\n#15 0000000102d7146c Flutter 0x102bd4000 + 1692780\n                             GrPathRenderer::drawPath(GrPathRenderer::DrawPathArgs const&)\n                             third_party/skia/src/gpu/GrPathRenderer.cpp:67:18\n                             GrSurfaceDrawContext::drawShapeUsingPathRenderer(GrClip const*, GrPaint&&, GrAA, SkMatrix const&, GrStyledShape const&, bool)\n                             third_party/skia/src/gpu/GrSurfaceDrawContext.cpp:1800:0\n#16 0000000102d71950 Flutter 0x102bd4000 + 1694032\n                             GrSurfaceDrawContext::drawShape(GrClip const*, GrPaint&&, GrAA, SkMatrix const&, GrStyledShape const&)\n                             third_party/skia/src/gpu/GrSurfaceDrawContext.cpp:1619:11\n#17 0000000102d75164 Flutter 0x102bd4000 + 1708388\n                             GrSurfaceDrawContext::drawPath(GrClip const*, GrPaint&&, GrAA, SkMatrix const&, SkPath const&, GrStyle const&)\n                             third_party/skia/src/gpu/GrSurfaceDrawContext.cpp:1562:11\n#18 0000000102df0434 Flutter 0x102bd4000 + 2212916\n                             SkGpuDevice::drawPath(SkPath const&, SkPaint const&, bool)\n                             third_party/skia/src/gpu/SkGpuDevice.cpp:696:30\n#19 0000000102c24360 Flutter 0x102bd4000 + 328544\n                             SkCanvas::onDrawPath(SkPath const&, SkPaint const&)\n                             third_party/skia/src/core/SkCanvas.cpp:2240:24\n#20 0000000102c2b174 Flutter 0x102bd4000 + 356724\n                             SkCanvas::drawPath(SkPath const&, SkPaint const&)\n                             third_party/skia/src/core/SkCanvas.cpp:1854:11\n#21 0000000102cbfc00 Flutter 0x102bd4000 + 965632\n                             decltype(fp0((SkRecords::NoOp)())) SkRecord::visit<SkRecords::Draw&>(int, SkRecords::Draw&) const\n                             third_party/skia/src/core/SkRecord.h:42:28\n                             SkRecordDraw(SkRecord const&, SkCanvas*, SkPicture const* const*, SkDrawable* const*, int, SkBBoxHierarchy const*, SkPicture::AbortCallback*)\n                             third_party/skia/src/core/SkRecordDraw.cpp:54:0\n                             SkBigPicture::playback(SkCanvas*, SkPicture::AbortCallback*) const\n                             third_party/skia/src/core/SkBigPicture.cpp:33:0\n#22 0000000102c25a50 Flutter 0x102bd4000 + 334416\n                             SkCanvas::onDrawPicture(SkPicture const*, SkMatrix const*, SkPaint const*)\n                             third_party/skia/src/core/SkCanvas.cpp:2664:14\n#23 0000000102c2c708 Flutter 0x102bd4000 + 362248\n                             SkCanvas::drawPicture(SkPicture const*, SkMatrix const*, SkPaint const*)\n                             third_party/skia/src/core/SkCanvas.cpp:2653:15\n#24 0000000102cbfb54 Flutter 0x102bd4000 + 965460\n                             decltype(fp0((SkRecords::NoOp)())) SkRecord::visit<SkRecords::Draw&>(int, SkRecords::Draw&) const\n                             third_party/skia/src/core/SkRecord.h:42:28\n                             SkRecordDraw(SkRecord const&, SkCanvas*, SkPicture const* const*, SkDrawable* const*, int, SkBBoxHierarchy const*, SkPicture::AbortCallback*)\n                             third_party/skia/src/core/SkRecordDraw.cpp:42:0\n                             SkBigPicture::playback(SkCanvas*, SkPicture::AbortCallback*) const\n                             third_party/skia/src/core/SkBigPicture.cpp:33:0\n#25 0000000102ef9b98 Flutter 0x102bd4000 + 3300248\n                             flutter::PictureLayer::Paint(flutter::Layer::PaintContext&) const\n                             flutter/flow/layers/picture_layer.cc:62:14\n#26 0000000102ef6738 Flutter 0x102bd4000 + 3286840\n                             flutter::ContainerLayer::PaintChildren(flutter::Layer::PaintContext&) const\n                             flutter/flow/layers/container_layer.cc:85:14\n#27 0000000102ef8d6c Flutter 0x102bd4000 + 3296620\n                             flutter::PhysicalShapeLayer::Paint(flutter::Layer::PaintContext&) const\n                             flutter/flow/layers/physical_shape_layer.cc:87:3\n#28 0000000102ef6738 Flutter 0x102bd4000 + 3286840\n                             flutter::ContainerLayer::PaintChildren(flutter::Layer::PaintContext&) const\n                             flutter/flow/layers/container_layer.cc:85:14\n#29 0000000102efa564 Flutter 0x102bd4000 + 3302756\n                             flutter::TransformLayer::Paint(flutter::Layer::PaintContext&) const\n                             flutter/flow/layers/transform_layer.cc:78:3\n#30 0000000102ef6738 Flutter 0x102bd4000 + 3286840\n                             flutter::ContainerLayer::PaintChildren(flutter::Layer::PaintContext&) const\n                             flutter/flow/layers/container_layer.cc:85:14\n#31 0000000102efa564 Flutter 0x102bd4000 + 3302756\n                             flutter::TransformLayer::Paint(flutter::Layer::PaintContext&) const\n                             flutter/flow/layers/transform_layer.cc:78:3\n#32 0000000102ef6738 Flutter 0x102bd4000 + 3286840\n                             flutter::ContainerLayer::PaintChildren(flutter::Layer::PaintContext&) const\n                             flutter/flow/layers/container_layer.cc:85:14\n#33 0000000102efa564 Flutter 0x102bd4000 + 3302756\n                             flutter::TransformLayer::Paint(flutter::Layer::PaintContext&) const\n                             flutter/flow/layers/transform_layer.cc:78:3\n#34 0000000102ef6738 Flutter 0x102bd4000 + 3286840\n                             flutter::ContainerLayer::PaintChildren(flutter::Layer::PaintContext&) const\n                             flutter/flow/layers/container_layer.cc:85:14\n#35 0000000102ef4b60 Flutter 0x102bd4000 + 3279712\n                             flutter::LayerTree::Paint(flutter::CompositorContext::ScopedFrame&, bool) const\n                             flutter/flow/layers/layer_tree.cc:117:18\n                             flutter::CompositorContext::ScopedFrame::Raster(flutter::LayerTree&, bool)\n                             flutter/flow/compositor_context.cc:100:0\n#36 0000000102f02928 Flutter 0x102bd4000 + 3336488\n                             flutter::Rasterizer::DrawToSurface(flutter::LayerTree&)\n                             flutter/shell/common/rasterizer.cc:464:52\n#37 0000000102f035e4 Flutter 0x102bd4000 + 3339748\n                             flutter::Rasterizer::DoDraw(std::__1::unique_ptr<flutter::LayerTree, std::__1::default_delete<flutter::LayerTree> >)\n                             flutter/shell/common/rasterizer.cc:338:32\n                             flutter::Rasterizer::Draw(fml::RefPtr<flutter::Pipeline<flutter::LayerTree> >, std::__1::function<bool (flutter::LayerTree&)>)::$_1::operator()(std::__1::unique_ptr<flutter::LayerTree, std::__1::default_delete<flutter::LayerTree> >) const\n                             flutter/shell/common/rasterizer.cc:172:0\n                             decltype(std::__1::forward<flutter::Rasterizer::Draw(fml::RefPtr<flutter::Pipeline<flutter::LayerTree> >, std::__1::function<bool (flutter::LayerTree&)>)::$_1&>(fp)(std::__1::forward<std::__1::unique_ptr<flutter::LayerTree, std::__1::default_delete<flutter::LayerTree> > >(fp0))) std::__1::__invoke<flutter::Rasterizer::Draw(fml::RefPtr<flutter::Pipeline<flutter::LayerTree> >, std::__1::function<bool (flutter::LayerTree&)>)::$_1&, std::__1::unique_ptr<flutter::LayerTree, std::__1::default_delete<flutter::LayerTree> > >(flutter::Rasterizer::Draw(fml::RefPtr<flutter::Pipeline<flutter::LayerTree> >, std::__1::function<bool (flutter::LayerTree&)>)::$_1&, std::__1::unique_ptr<flutter::LayerTree, std::__1::default_delete<flutter::LayerTree> >&&)\n                             /opt/s/w/ir/cache/osx_sdk/XCode.app/Contents/Developer/Toolchains/XcodeDefault.xctoolchain/usr/include/c++/v1/type_traits:4425:0\n                             void std::__1::__invoke_void_return_wrapper<void>::__call<flutter::Rasterizer::Draw(fml::RefPtr<flutter::Pipeline<flutter::LayerTree> >, std::__1::function<bool (flutter::LayerTree&)>)::$_1&, std::__1::unique_ptr<flutter::LayerTree, std::__1::default_delete<flutter::LayerTree> > >(flutter::Rasterizer::Draw(fml::RefPtr<flutter::Pipeline<flutter::LayerTree> >, std::__1::function<bool (flutter::LayerTree&)>)::$_1&, std::__1::unique_ptr<flutter::LayerTree, std::__1::default_delete<flutter::LayerTree> >&&)\n                             /opt/s/w/ir/cache/osx_sdk/XCode.app/Contents/Developer/Toolchains/XcodeDefault.xctoolchain/usr/include/c++/v1/__functional_base:348:0\n                             std::__1::__function::__alloc_func<flutter::Rasterizer::Draw(fml::RefPtr<flutter::Pipeline<flutter::LayerTree> >, std::__1::function<bool (flutter::LayerTree&)>)::$_1, std::__1::allocator<flutter::Rasterizer::Draw(fml::RefPtr<flutter::Pipeline<flutter::LayerTree> >, std::__1::function<bool (flutter::LayerTree&)>)::$_1>, void (std::__1::unique_ptr<flutter::LayerTree, std::__1::default_delete<flutter::LayerTree> >)>::operator()(std::__1::unique_ptr<flutter::LayerTree, std::__1::default_delete<flutter::LayerTree> >&&)\n                             /opt/s/w/ir/cache/osx_sdk/XCode.app/Contents/Developer/Toolchains/XcodeDefault.xctoolchain/usr/include/c++/v1/functional:1533:0\n                             std::__1::__function::__func<flutter::Rasterizer::Draw(fml::RefPtr<flutter::Pipeline<flutter::LayerTree> >, std::__1::function<bool (flutter::LayerTree&)>)::$_1, std::__1::allocator<flutter::Rasterizer::Draw(fml::RefPtr<flutter::Pipeline<flutter::LayerTree> >, std::__1::function<bool (flutter::LayerTree&)>)::$_1>, void (std::__1::unique_ptr<flutter::LayerTree, std::__1::default_delete<flutter::LayerTree> >)>::operator()(std::__1::unique_ptr<flutter::LayerTree, std::__1::default_delete<flutter::LayerTree> >&&)\n                             /opt/s/w/ir/cache/osx_sdk/XCode.app/Contents/Developer/Toolchains/XcodeDefault.xctoolchain/usr/include/c++/v1/functional:1707:0\n#38 0000000102f02d10 Flutter 0x102bd4000 + 3337488\n                             std::__1::__function::__value_func<void (std::__1::unique_ptr<flutter::LayerTree, std::__1::default_delete<flutter::LayerTree> >)>::operator()(std::__1::unique_ptr<flutter::LayerTree, std::__1::default_delete<flutter::LayerTree> >&&) const\n                             /opt/s/w/ir/cache/osx_sdk/XCode.app/Contents/Developer/Toolchains/XcodeDefault.xctoolchain/usr/include/c++/v1/functional:1860:16\n                             std::__1::function<void (std::__1::unique_ptr<flutter::LayerTree, std::__1::default_delete<flutter::LayerTree> >)>::operator()(std::__1::unique_ptr<flutter::LayerTree, std::__1::default_delete<flutter::LayerTree> >) const\n                             /opt/s/w/ir/cache/osx_sdk/XCode.app/Contents/Developer/Toolchains/XcodeDefault.xctoolchain/usr/include/c++/v1/functional:2419:0\n                             flutter::Pipeline<flutter::LayerTree>::Consume(std::__1::function<void (std::__1::unique_ptr<flutter::LayerTree, std::__1::default_delete<flutter::LayerTree> >)> const&)\n                             flutter/shell/common/pipeline.h:161:0\n                             flutter::Rasterizer::Draw(fml::RefPtr<flutter::Pipeline<flutter::LayerTree> >, std::__1::function<bool (flutter::LayerTree&)>)\n                             flutter/shell/common/rasterizer.cc:176:0\n#39 0000000102f09fc4 Flutter 0x102bd4000 + 3366852\n                             flutter::Shell::OnAnimatorDraw(fml::RefPtr<flutter::Pipeline<flutter::LayerTree> >, fml::TimePoint)::$_33::operator()() const\n                             flutter/shell/common/shell.cc:1133:23\n                             decltype(std::__1::forward<flutter::Shell::OnAnimatorDraw(fml::RefPtr<flutter::Pipeline<flutter::LayerTree> >, fml::TimePoint)::$_33&>(fp)()) std::__1::__invoke<flutter::Shell::OnAnimatorDraw(fml::RefPtr<flutter::Pipeline<flutter::LayerTree> >, fml::TimePoint)::$_33&>(flutter::Shell::OnAnimatorDraw(fml::RefPtr<flutter::Pipeline<flutter::LayerTree> >, fml::TimePoint)::$_33&)\n                             /opt/s/w/ir/cache/osx_sdk/XCode.app/Contents/Developer/Toolchains/XcodeDefault.xctoolchain/usr/include/c++/v1/type_traits:4425:0\n                             void std::__1::__invoke_void_return_wrapper<void>::__call<flutter::Shell::OnAnimatorDraw(fml::RefPtr<flutter::Pipeline<flutter::LayerTree> >, fml::TimePoint)::$_33&>(flutter::Shell::OnAnimatorDraw(fml::RefPtr<flutter::Pipeline<flutter::LayerTree> >, fml::TimePoint)::$_33&)\n                             /opt/s/w/ir/cache/osx_sdk/XCode.app/Contents/Developer/Toolchains/XcodeDefault.xctoolchain/usr/include/c++/v1/__functional_base:348:0\n                             std::__1::__function::__alloc_func<flutter::Shell::OnAnimatorDraw(fml::RefPtr<flutter::Pipeline<flutter::LayerTree> >, fml::TimePoint)::$_33, std::__1::allocator<flutter::Shell::OnAnimatorDraw(fml::RefPtr<flutter::Pipeline<flutter::LayerTree> >, fml::TimePoint)::$_33>, void ()>::operator()()\n                             /opt/s/w/ir/cache/osx_sdk/XCode.app/Contents/Developer/Toolchains/XcodeDefault.xctoolchain/usr/include/c++/v1/functional:1533:0\n                             std::__1::__function::__func<flutter::Shell::OnAnimatorDraw(fml::RefPtr<flutter::Pipeline<flutter::LayerTree> >, fml::TimePoint)::$_33, std::__1::allocator<flutter::Shell::OnAnimatorDraw(fml::RefPtr<flutter::Pipeline<flutter::LayerTree> >, fml::TimePoint)::$_33>, void ()>::operator()()\n                             /opt/s/w/ir/cache/osx_sdk/XCode.app/Contents/Developer/Toolchains/XcodeDefault.xctoolchain/usr/include/c++/v1/functional:1707:0\n#40 0000000102ea9d94 Flutter 0x102bd4000 + 2973076\n                             std::__1::__function::__value_func<void ()>::operator()() const\n                             /opt/s/w/ir/cache/osx_sdk/XCode.app/Contents/Developer/Toolchains/XcodeDefault.xctoolchain/usr/include/c++/v1/functional:1860:16\n                             std::__1::function<void ()>::operator()() const\n                             /opt/s/w/ir/cache/osx_sdk/XCode.app/Contents/Developer/Toolchains/XcodeDefault.xctoolchain/usr/include/c++/v1/functional:2419:0\n                             fml::MessageLoopImpl::FlushTasks(fml::FlushType)\n                             flutter/fml/message_loop_impl.cc:130:0\n#41 0000000102eabbf4 Flutter 0x102bd4000 + 2980852\n                             fml::MessageLoopImpl::RunExpiredTasksNow()\n                             flutter/fml/message_loop_impl.cc:143:3\n                             fml::MessageLoopDarwin::OnTimerFire(__CFRunLoopTimer*, fml::MessageLoopDarwin*)\n                             flutter/fml/platform/darwin/message_loop_darwin.mm:75:0\n#42 00000001897ea190 CoreFoundation 0x18973c000 + 713104\n#43 -52e734fe76816158 (null) 0x0\n#44 -1df138fe76816ae4 (null) 0x0\n#45 -7ea9487e7681bd8c (null) 0x0\n#46 -728fa2fe7681c70c (null) 0x0\n#47 5c6c148102eabad0 (null) 0x0 + 6659720493306395344\n#48 0000000102eab4d4 Flutter 0x102bd4000 + 2979028\n                             fml::MessageLoopImpl::DoRun()\n                             flutter/fml/message_loop_impl.cc:96:3\n                             fml::MessageLoop::Run()\n                             flutter/fml/message_loop.cc:49:0\n                             fml::Thread::Thread(std::__1::basic_string<char, std::__1::char_traits<char>, std::__1::allocator<char> > const&)::$_0::operator()() const\n                             flutter/fml/thread.cc:35:0\n                             decltype(std::__1::forward<fml::Thread::Thread(std::__1::basic_string<char, std::__1::char_traits<char>, std::__1::allocator<char> > const&)::$_0>(fp)()) std::__1::__invoke<fml::Thread::Thread(std::__1::basic_string<char, std::__1::char_traits<char>, std::__1::allocator<char> > const&)::$_0>(fml::Thread::Thread(std::__1::basic_string<char, std::__1::char_traits<char>, std::__1::allocator<char> > const&)::$_0&&)\n                             /opt/s/w/ir/cache/osx_sdk/XCode.app/Contents/Developer/Toolchains/XcodeDefault.xctoolchain/usr/include/c++/v1/type_traits:4425:0\n                             void std::__1::__thread_execute<std::__1::unique_ptr<std::__1::__thread_struct, std::__1::default_delete<std::__1::__thread_struct> >, fml::Thread::Thread(std::__1::basic_string<char, std::__1::char_traits<char>, std::__1::allocator<char> > const&)::$_0>(std::__1::tuple<std::__1::unique_ptr<std::__1::__thread_struct, std::__1::default_delete<std::__1::__thread_struct> >, fml::Thread::Thread(std::__1::basic_string<char, std::__1::char_traits<char>, std::__1::allocator<char> > const&)::$_0>&, std::__1::__tuple_indices<>)\n                             /opt/s/w/ir/cache/osx_sdk/XCode.app/Contents/Developer/Toolchains/XcodeDefault.xctoolchain/usr/include/c++/v1/thread:341:0\n                             void* std::__1::__thread_proxy<std::__1::tuple<std::__1::unique_ptr<std::__1::__thread_struct, std::__1::default_delete<std::__1::__thread_struct> >, fml::Thread::Thread(std::__1::basic_string<char, std::__1::char_traits<char>, std::__1::allocator<char> > const&)::$_0> >(void*)\n                             /opt/s/w/ir/cache/osx_sdk/XCode.app/Contents/Developer/Toolchains/XcodeDefault.xctoolchain/usr/include/c++/v1/thread:351:0\n#49 00000001895738fc libsystem_pthread.dylib _pthread_start + 168\n",
      "notes": []
    }
  ],
  "runtimeType": "ok"
}