{
  "results": [
    {
      "crash": {
        "engineVariant": {
          "os": "android",
          "arch": "arm64",
          "mode": null
        },
        "frames": [
          {
            "no": "00",
            "pc": 20210164,
            "binary": "/data/app/com.example.app/lib/arm64/libflutter.so",
            "rest": " (BuildId: ed61359865ec8404e21864594776b9dcbe60a137)",
            "buildId": "ed61359865ec8404e21864594776b9dcbe60a137",
            "runtimeType": "android"
          }
        ],
        "format": "native",
        "androidMajorVersion": 10
      },
      "engineBuild": {
        "engineHash": "07e2520d5d8f837da439317adab4ecd7bff2f72d",
        "variant": {
          "os": "android",
          "arch": "arm64",
          "mode": "debug"
        }
      },
      "symbolized": "#00 00000000013461f4 <...>/lib/arm64/libflutter.so (BuildId: ed61359865ec8404e21864594776b9dcbe60a137)\n                                                   SkImage::peekPixels(SkPixmap*) const\n                                                   third_party/skia/src/image/SkImage.cpp:50:25\n",
      "notes": []
    }
  ],
  "runtimeType": "ok"
}