{
  "results": [
    {
      "crash": {
        "engineVariant": {
          "os": "ios",
          "arch": "arm64",
          "mode": "release"
        },
        "frames": [
          {
            "no": "0",
            "binary": "FirebaseCrashlytics",
            "pc": 4397698440,
            "symbol": "FIRCLSProcessRecordAllThreads",
            "offset": 184,
            "location": "",
            "runtimeType": "ios"
          },
          {
            "no": "1",
            "binary": "FirebaseCrashlytics",
            "pc": 4397699432,
            "symbol": "FIRCLSProcessRecordAllThreads",
            "offset": 1176,
            "location": "",
            "runtimeType": "ios"
          },
          {
            "no": "2",
            "binary": "FirebaseCrashlytics",
            "pc": 4397670276,
            "symbol": "FIRCLSHandler",
            "offset": 48,
            "location": "",
            "runtimeType": "ios"
          },
          {
            "no": "3",
            "binary": "FirebaseCrashlytics",
            "pc": 4397648216,
            "symbol": "__FIRCLSExceptionRecord_block_invoke",
            "offset": 92,
            "location": "",
            "runtimeType": "ios"
          },
          {
            "no": "4",
            "binary": "libdispatch.dylib",
            "pc": 6603421724,
            "symbol": "_dispatch_client_callout",
            "offset": 20,
            "location": "",
            "runtimeType": "ios"
          },
          {
            "no": "5",
            "binary": "libdispatch.dylib",
            "pc": 6603483408,
            "symbol": "_dispatch_lane_barrier_sync_invoke_and_complete",
            "offset": 60,
            "location": "",
            "runtimeType": "ios"
          },
          {
            "no": "6",
            "binary": "FirebaseCrashlytics",
            "pc": 4397646100,
            "symbol": "FIRCLSExceptionRecord",
            "offset": 216,
            "location": "",
            "runtimeType": "ios"
          },
          {
            "no": "7",
            "binary": "FirebaseCrashlytics",
            "pc": 4397645244,
            "symbol": "FIRCLSTerminateHandler()",
            "offset": 600,
            "location": "",
            "runtimeType": "ios"
          },
          {
            "no": "8",
            "binary": "libc++abi.dylib",
            "pc": 6955732896,
            "symbol": "std::__terminate(void (*)())",
            "offset": 20,
            "location": "",
            "runtimeType": "ios"
          },
          {
            "no": "9",
            "binary": "libc++abi.dylib",
            "pc": 6955744268,
            "symbol": "__cxa_get_exception_ptr",
            "offset": 34,
            "location": "",
            "runtimeType": "ios"
          },
          {
            "no": "10",
            "binary": "libc++abi.dylib",
            "pc": 6955744184,
            "symbol": "__cxxabiv1::exception_cleanup_func(_Unwind_Reason_Code, _Unwind_Exception*)",
            "offset": 138,
            "location": "",
            "runtimeType": "ios"
          },
          {
            "no": "11",
            "binary": "libc++.1.dylib",
            "pc": 6955574256,
            "symbol": "std::__1::__throw_system_error(int, char const*)",
            "offset": 100,
            "location": "",
            "runtimeType": "ios"
          },
          {
            "no": "12",
            "binary": "libc++.1.dylib",
            "pc": 6955526924,
            "symbol": "std::__1::mutex::try_lock()",
            "offset": 38,
            "location": "",
            "runtimeType": "ios"
          },
          {
            "no": "13",
            "binary": "Flutter",
            "pc": 4410975640,
            "symbol": "(Missing)",
            "offset": null,
            "location": "",
            "runtimeType": "ios"
          },
          {
            "no": "14",
            "binary": "Flutter",
            "pc": 4413018996,
            "symbol": "(Missing)",
            "offset": null,
            "location": "",
            "runtimeType": "ios"
          },
          {
            "no": "15",
            "binary": "Flutter",
            "pc": 4411439984,
            "symbol": "(Missing)",
            "offset": null,
            "location": "",
            "runtimeType": "ios"
          },
          {
            "no": "16",
            "binary": "Flutter",
            "pc": 4413776168,
            "symbol": "(Missing)",
            "offset": null,
            "location": "",
            "runtimeType": "ios"
          },
          {
            "no": "17",
            "binary": "Flutter",
            "pc": 4414373732,
            "symbol": "(Missing)",
            "offset": null,
            "location": "",
            "runtimeType": "ios"
          },
          {
            "no": "18",
            "binary": "Flutter",
            "pc": 4412339492,
            "symbol": "(Missing)",
            "offset": null,
            "location": "",
            "runtimeType": "ios"
          },
          {
            "no": "19",
            "binary": "Flutter",
            "pc": 4412525764,
            "symbol": "(Missing)",
            "offset": null,
            "location": "",
            "runtimeType": "ios"
          },
          {
            "no": "20",
            "binary": "libsystem_pthread.dylib",
            "pc": 7880182780,
            "symbol": "_pthread_start",
            "offset": 320,
            "location": "",
            "runtimeType": "ios"
          },
          {
            "no": "21",
            "binary": "libsystem_pthread.dylib",
            "pc": 7880218456,
            "symbol": "thread_start",
            "offset": 8,
            "location": "",
            "runtimeType": "ios"
          }
        ],
        "format": "native",
        "androidMajorVersion": null
      },
      "engineBuild": {
        "engineHash": "b3af521a050e6ef076778bcaf16e27b2521df8f8",
        "variant": {
          "os": "ios",
          "arch": "arm64",
          "mode": "release"
        }
      },
      "symbolized": "#00 00000001061f8d88 FirebaseCrashlytics FIRCLSProcessRecordAllThreads + 184\n#01 00000001061f9168 FirebaseCrashlytics FIRCLSProcessRecordAllThreads + 1176\n#02 00000001061f1f84 FirebaseCrashlytics FIRCLSHandler + 48\n#03 00000001061ec958 FirebaseCrashlytics __FIRCLSExceptionRecord_block_invoke + 92\n#04 000000018998381c libdispatch.dylib _dispatch_client_callout + 20\n#05 0000000189992910 libdispatch.dylib _dispatch_lane_barrier_sync_invoke_and_complete + 60\n#06 00000001061ec114 FirebaseCrashlytics FIRCLSExceptionRecord + 216\n#07 00000001061ebdbc FirebaseCrashlytics FIRCLSTerminateHandler() + 600\n#08 000000019e980fa0 libc++abi.dylib std::__terminate(void (*)()) + 20\n#09 000000019e983c0c libc++abi.dylib __cxa_get_exception_ptr + 34\n#10 000000019e983bb8 libc++abi.dylib __cxxabiv1::exception_cleanup_func(_Unwind_Reason_Code, _Unwind_Exception*) + 138\n#11 000000019e95a3f0 libc++.1.dylib std::__1::__throw_system_error(int, char const*) + 100\n#12 000000019e94eb0c libc++.1.dylib std::__1::mutex::try_lock() + 38\n#13 0000000106ea2598 Flutter Flutter + 3073432\n                             std::__1::scoped_lock<std::__1::mutex>::scoped_lock(std::__1::mutex&)\n                             /opt/s/w/ir/cache/osx_sdk/XCode.app/Contents/Developer/Toolchains/XcodeDefault.xctoolchain/usr/include/c++/v1/mutex:499:27\n                             std::__1::scoped_lock<std::__1::mutex>::scoped_lock(std::__1::mutex&)\n                             /opt/s/w/ir/cache/osx_sdk/XCode.app/Contents/Developer/Toolchains/XcodeDefault.xctoolchain/usr/include/c++/v1/mutex:499:21\n                             fml::MessageLoopTaskQueues::GetInstance()\n                             flutter/fml/message_loop_task_queues.cc:53:20\n#14 0000000107095374 Flutter Flutter + 5116788\n                             flutter::DartIsolate::SetMessageHandlingTaskRunner(fml::RefPtr<fml::TaskRunner>)::$_3::operator()(std::__1::function<void ()>) const\n                             flutter/runtime/dart_isolate.cc:441:24\n                             decltype(std::__1::forward<flutter::DartIsolate::SetMessageHandlingTaskRunner(fml::RefPtr<fml::TaskRunner>)::$_3&>(fp)(std::__1::forward<std::__1::function<void ()> >(fp0))) std::__1::__invoke<flutter::DartIsolate::SetMessageHandlingTaskRunner(fml::RefPtr<fml::TaskRunner>)::$_3&, std::__1::function<void ()> >(flutter::DartIsolate::SetMessageHandlingTaskRunner(fml::RefPtr<fml::TaskRunner>)::$_3&, std::__1::function<void ()>&&)\n                             /opt/s/w/ir/cache/osx_sdk/XCode.app/Contents/Developer/Toolchains/XcodeDefault.xctoolchain/usr/include/c++/v1/type_traits:3545:1\n                             void std::__1::__invoke_void_return_wrapper<void>::__call<flutter::DartIsolate::SetMessageHandlingTaskRunner(fml::RefPtr<fml::TaskRunner>)::$_3&, std::__1::function<void ()> >(flutter::DartIsolate::SetMessageHandlingTaskRunner(fml::RefPtr<fml::TaskRunner>)::$_3&, std::__1::function<void ()>&&)\n                             /opt/s/w/ir/cache/osx_sdk/XCode.app/Contents/Developer/Toolchains/XcodeDefault.xctoolchain/usr/include/c++/v1/__functional_base:348:9\n                             std::__1::__function::__alloc_func<flutter::DartIsolate::SetMessageHandlingTaskRunner(fml::RefPtr<fml::TaskRunner>)::$_3, std::__1::allocator<flutter::DartIsolate::SetMessageHandlingTaskRunner(fml::RefPtr<fml::TaskRunner>)::$_3>, void (std::__1::function<void ()>)>::operator()(std::__1::function<void ()>&&)\n                             /opt/s/w/ir/cache/osx_sdk/XCode.app/Contents/Developer/Toolchains/XcodeDefault.xctoolchain/usr/include/c++/v1/functional:1546:16\n                             std::__1::__function::__func<flutter::DartIsolate::SetMessageHandlingTaskRunner(fml::RefPtr<fml::TaskRunner>)::$_3, std::__1::allocator<flutter::DartIsolate::SetMessageHandlingTaskRunner(fml::RefPtr<fml::TaskRunner>)::$_3>, void (std::__1::function<void ()>)>::operator()(std::__1::function<void ()>&&)\n                             /opt/s/w/ir/cache/osx_sdk/XCode.app/Contents/Developer/Toolchains/XcodeDefault.xctoolchain/usr/include/c++/v1/functional:1720:12\n#15 0000000106f13b70 Flutter Flutter + 3537776\n                             std::__1::__function::__value_func<void (std::__1::function<void ()>)>::operator()(std::__1::function<void ()>&&) const\n                             /opt/s/w/ir/cache/osx_sdk/XCode.app/Contents/Developer/Toolchains/XcodeDefault.xctoolchain/usr/include/c++/v1/functional:1873:16\n                             std::__1::function<void (std::__1::function<void ()>)>::operator()(std::__1::function<void ()>) const\n                             /opt/s/w/ir/cache/osx_sdk/XCode.app/Contents/Developer/Toolchains/XcodeDefault.xctoolchain/usr/include/c++/v1/functional:2548:12\n                             tonic::DartMessageHandler::OnMessage(tonic::DartState*)\n                             flutter/third_party/tonic/dart_message_handler.cc:40:3\n                             tonic::DartMessageHandler::MessageNotifyCallback(_Dart_Isolate*)\n                             flutter/third_party/tonic/dart_message_handler.cc:146:33\n#16 000000010714e128 Flutter Flutter + 5873960\n                             dart::PortMap::PostMessage(std::__1::unique_ptr<dart::Message, std::__1::default_delete<dart::Message> >, bool)\n                             third_party/dart/runtime/vm/port.cc:200:12\n#17 00000001071dff64 Flutter Flutter + 6471524\n                             dart::PostCObjectHelper(long long, _Dart_CObject*)\n                             third_party/dart/runtime/vm/native_api_impl.cc:56:10\n#18 0000000106fef524 Flutter Flutter + 4437284\n                             Dart_PostCObject\n                             third_party/dart/runtime/vm/native_api_impl.cc:60:10\n                             dart::bin::DartUtils::PostNull(long long)\n                             third_party/dart/runtime/bin/dartutils.cc:649:10\n                             dart::bin::EventHandlerImplementation::HandleTimeout()\n                             third_party/dart/runtime/bin/eventhandler_macos.cc:419:7\n                             dart::bin::EventHandlerImplementation::EventHandlerEntry(unsigned long)\n                             third_party/dart/runtime/bin/eventhandler_macos.cc:459:21\n#19 000000010701ccc4 Flutter Flutter + 4623556\n                             dart::bin::ThreadStart(void*)\n                             third_party/dart/runtime/bin/thread_macos.cc:87:3\n#20 00000001d5b20bfc libsystem_pthread.dylib _pthread_start + 320\n#21 00000001d5b29758 libsystem_pthread.dylib thread_start + 8\n",
      "notes": [
        {
          "kind": "loadBaseDetected",
          "message": "0000000106bb4000"
        }
      ]
    }
  ],
  "runtimeType": "ok"
}