{
  "results": [
    {
      "crash": {
        "engineVariant": {
          "os": "ios",
          "arch": "arm64",
          "mode": "release"
        },
        "frames": [
          {
            "no": "00",
            "pc": 4395918876,
            "binary": "Flutter",
            "offset": 4089372,
            "location": null,
            "symbol": "",
            "runtimeType": "custom"
          },
          {
            "no": "01",
            "pc": 4395918852,
            "binary": "Flutter",
            "offset": 4089348,
            "location": null,
            "symbol": "",
            "runtimeType": "custom"
          },
          {
            "no": "02",
            "pc": 4396933248,
            "binary": "Flutter",
            "offset": 5103744,
            "location": null,
            "symbol": "",
            "runtimeType": "custom"
          },
          {
            "no": "03",
            "pc": 4396926908,
            "binary": "Flutter",
            "offset": 5097404,
            "location": null,
            "symbol": "",
            "runtimeType": "custom"
          },
          {
            "no": "04",
            "pc": 4396925856,
            "binary": "Flutter",
            "offset": 5096352,
            "location": null,
            "symbol": "",
            "runtimeType": "custom"
          },
          {
            "no": "05",
            "pc": 4397458656,
            "binary": "Flutter",
            "offset": 5629152,
            "location": null,
            "symbol": "",
            "runtimeType": "custom"
          },
          {
            "no": "06",
            "pc": 4397165572,
            "binary": "Flutter",
            "offset": 5336068,
            "location": null,
            "symbol": "",
            "runtimeType": "custom"
          },
          {
            "no": "07",
            "pc": 8430853284,
            "binary": "libsystem_pthread.dylib",
            "offset": 7332,
            "location": null,
            "symbol": "",
            "runtimeType": "custom"
          }
        ],
        "format": "custom",
        "androidMajorVersion": null
      },
      "engineBuild": {
        "engineHash": "defa8be2b10650dad50dfee9324ed8d16eeec13f",
        "variant": {
          "os": "ios",
          "arch": "arm64",
          "mode": "release"
        }
      },
      "symbolized": "#00 000000010604661c Flutter Flutter + 4089372\n                             std::__1::unique_ptr<bssl::SSL_HANDSHAKE, bssl::internal::Deleter<bssl::SSL_HANDSHAKE> >::get() const\n                             /opt/s/w/ir/cache/osx_sdk/XCode.app/Contents/Developer/Toolchains/XcodeDefault.xctoolchain/usr/include/c++/v1/memory:2625:19\n                             SSL_in_init\n                             third_party/boringssl/src/ssl/ssl_lib.cc:2673:0\n                             SSL_get_session\n                             third_party/boringssl/src/ssl/ssl_session.cc:1060:0\n                             SSL_get_peer_full_cert_chain\n                             third_party/boringssl/src/ssl/ssl_x509.cc:554:0\n                             dart::bin::TrustEvaluateHandler(long long, _Dart_CObject*)\n                             third_party/dart/runtime/bin/security_context_macos.cc:181:0\n#01 0000000106046604 Flutter Flutter + 4089348\n                             dart::bin::CObject::operator new(unsigned long)\n                             third_party/dart/runtime/bin/dartutils.h:332:44\n                             dart::bin::CObjectArray::operator[](long) const\n                             third_party/dart/runtime/bin/dartutils.h:508:0\n                             dart::bin::TrustEvaluateHandler(long long, _Dart_CObject*)\n                             third_party/dart/runtime/bin/security_context_macos.cc:178:0\n#02 000000010613e080 Flutter Flutter + 5103744\n                             dart::NativeMessageHandler::HandleMessage(std::__1::unique_ptr<dart::Message, std::__1::default_delete<dart::Message> >)\n                             third_party/dart/runtime/vm/native_message_handler.cc:43:3\n#03 000000010613c7bc Flutter Flutter + 5097404\n                             dart::MessageHandler::HandleMessages(dart::MonitorLocker*, bool, bool)\n                             third_party/dart/runtime/vm/message_handler.cc:233:16\n#04 000000010613c3a0 Flutter Flutter + 5096352\n                             dart::MessageHandler::TaskCallback()\n                             third_party/dart/runtime/vm/message_handler.cc:443:18\n                             dart::MessageHandlerTask::Run()\n                             third_party/dart/runtime/vm/message_handler.cc:31:0\n#05 00000001061be4e0 Flutter Flutter + 5629152\n                             dart::ThreadPool::WorkerLoop(dart::ThreadPool::Worker*)\n                             third_party/dart/runtime/vm/thread_pool.cc:158:15\n                             dart::ThreadPool::Worker::Main(unsigned long)\n                             third_party/dart/runtime/vm/thread_pool.cc:323:0\n#06 0000000106176c04 Flutter Flutter + 5336068\n                             dart::ThreadStart(void*)\n                             third_party/dart/runtime/vm/os_thread_macos.cc:132:5\n#07 00000001f6849ca4 libsystem_pthread.dylib libsystem_pthread.dylib + 7332\n",
      "notes": [
        {
          "kind": "loadBaseDetected",
          "message": "0000000105c60000"
        }
      ]
    }
  ],
  "runtimeType": "ok"
}